Archive member included because of file (symbol)

contiki-sky.a(contiki-sky-pla)
                              obj_sky/contiki-sky-main.o (init_platform)
contiki-sky.a(sht11-sensor.o)
                              obj_sky/data.o (sht11_sensor)
contiki-sky.a(light-sensor.o)
                              obj_sky/data.o (light_sensor)
contiki-sky.a(battery-sensor.)
                              obj_sky/data.o (battery_sensor)
contiki-sky.a(button-sensor.o)
                              udp-sink.co (button_sensor)
contiki-sky.a(ds2411.o)       obj_sky/contiki-sky-main.o (ds2411_init)
contiki-sky.a(xmem.o)         obj_sky/contiki-sky-main.o (xmem_init)
contiki-sky.a(node-id.o)      obj_sky/contiki-sky-main.o (node_id_restore)
contiki-sky.a(sensors.o)      udp-sink.co (sensors_event)
contiki-sky.a(cc2420.o)       obj_sky/contiki-sky-main.o (cc2420_set_pan_addr)
contiki-sky.a(cc2420-arch.o)  contiki-sky.a(cc2420.o) (cc2420_arch_init)
contiki-sky.a(sky-sensors.o)  contiki-sky.a(light-sensor.o) (sky_sensors_status)
contiki-sky.a(uart1.o)        obj_sky/contiki-sky-main.o (uart1_active)
contiki-sky.a(uart1-putchar.o)
                              udp-sink.co (putchar)
contiki-sky.a(msp430.o)       contiki-sky.a(uart1.o) (msp430_add_lpm_req)
contiki-sky.a(clock.o)        obj_sky/data.o (clock_time)
contiki-sky.a(leds.o)         obj_sky/contiki-sky-main.o (leds_init)
contiki-sky.a(leds-arch.o)    contiki-sky.a(leds.o) (leds_arch_init)
contiki-sky.a(watchdog.o)     obj_sky/contiki-sky-main.o (watchdog_start)
contiki-sky.a(rtimer-arch.o)  obj_sky/contiki-sky-main.o (rtimer_arch_now)
contiki-sky.a(autostart.o)    obj_sky/contiki-sky-main.o (autostart_start)
contiki-sky.a(ctimer.o)       obj_sky/contiki-sky-main.o (ctimer_init)
contiki-sky.a(energest.o)     obj_sky/contiki-sky-main.o (energest_init)
contiki-sky.a(etimer.o)       contiki-sky.a(clock.o) (etimer_request_poll)
contiki-sky.a(process.o)      udp-sink.co (process_current)
contiki-sky.a(rtimer.o)       obj_sky/contiki-sky-main.o (rtimer_init)
contiki-sky.a(timer.o)        obj_sky/contiki-sky-main.o (timer_set)
contiki-sky.a(serial-line.o)  obj_sky/sink_command.o (serial_line_event_message)
contiki-sky.a(list.o)         contiki-sky.a(ctimer.o) (list_init)
contiki-sky.a(random.o)       obj_sky/contiki-sky-main.o (random_init)
contiki-sky.a(ringbuf.o)      contiki-sky.a(serial-line.o) (ringbuf_init)
contiki-sky.a(sicslowpan.o)   obj_sky/contiki-sky-main.o (sicslowpan_driver)
contiki-sky.a(uip6.o)         udp-sink.co (uip_aligned_buf)
contiki-sky.a(uip-ds6.o)      contiki-sky.a(uip6.o) (uip_ds6_is_addr_onlink)
contiki-sky.a(uip-ds6-nbr.o)  contiki-sky.a(uip-ds6.o) (uip_ds6_neighbors_init)
contiki-sky.a(uip-ds6-route.o)
                              contiki-sky.a(uip-ds6.o) (uip_ds6_route_init)
contiki-sky.a(uip-icmp6.o)    contiki-sky.a(uip6.o) (uip_icmp6_input)
contiki-sky.a(uip-nd6.o)      contiki-sky.a(uip6.o) (uip_nd6_init)
contiki-sky.a(csma.o)         obj_sky/contiki-sky-main.o (csma_driver)
contiki-sky.a(framer-802154.o)
                              contiki-sky.a(sicslowpan.o) (framer_802154)
contiki-sky.a(mac.o)          contiki-sky.a(csma.o) (mac_call_sent_callback)
contiki-sky.a(linkaddr.o)     obj_sky/data.o (linkaddr_copy)
contiki-sky.a(nbr-table.o)    contiki-sky.a(uip-ds6-nbr.o) (nbr_table_register)
contiki-sky.a(packetbuf.o)    contiki-sky.a(framer-802154.o) (packetbuf_hdrreduce)
contiki-sky.a(queuebuf.o)     obj_sky/contiki-sky-main.o (queuebuf_init)
contiki-sky.a(simple-udp.o)   obj_sky/broadcast.o (simple_udp_sendto)
contiki-sky.a(tcpip.o)        contiki-sky.a(sicslowpan.o) (tcpip_set_outputfunc)
contiki-sky.a(uip-debug.o)    udp-sink.co (uip_debug_ipaddr_print)
contiki-sky.a(uip-udp-packet.)
                              obj_sky/multicast.o (uip_udp_packet_send)
contiki-sky.a(rpl.o)          contiki-sky.a(uip-ds6-nbr.o) (rpl_link_neighbor_callback)
contiki-sky.a(rpl-dag.o)      contiki-sky.a(rpl.o) (rpl_dag_init)
contiki-sky.a(rpl-ext-header.)
                              contiki-sky.a(uip6.o) (rpl_verify_header)
contiki-sky.a(rpl-icmp6.o)    contiki-sky.a(rpl.o) (dao_output_target)
contiki-sky.a(rpl-mrhof.o)    contiki-sky.a(rpl.o) (rpl_mrhof)
contiki-sky.a(rpl-timers.o)   contiki-sky.a(rpl.o) (rpl_reset_periodic_timer)
contiki-sky.a(contikimac.o)   udp-sink.co (contikimac_driver)
contiki-sky.a(sht11.o)        contiki-sky.a(sht11-sensor.o) (sht11_init)
contiki-sky.a(spi.o)          contiki-sky.a(xmem.o) (spi_init)
contiki-sky.a(compower.o)     contiki-sky.a(contikimac.o) (compower_accumulate)
contiki-sky.a(stimer.o)       contiki-sky.a(uip-ds6.o) (stimer_set)
contiki-sky.a(memb.o)         contiki-sky.a(uip-ds6-route.o) (memb_init)
contiki-sky.a(frame802154.o)  contiki-sky.a(framer-802154.o) (frame802154_hdrlen)
contiki-sky.a(mac-sequence.o)
                              contiki-sky.a(contikimac.o) (mac_sequence_is_duplicate)
contiki-sky.a(phase.o)        contiki-sky.a(contikimac.o) (phase_update)
[...]
Memory Configuration

Name             Origin             Length             Attributes
sfr              0x0000000000000000 0x0000000000000010
peripheral_8bit  0x0000000000000010 0x00000000000000f0
peripheral_16bit 0x0000000000000100 0x0000000000000100
ram_mirror       0x0000000000000200 0x0000000000000800 xw
infomem          0x0000000000001000 0x0000000000000100
infob            0x0000000000001000 0x0000000000000080
infoa            0x0000000000001080 0x0000000000000080
ram              0x0000000000001100 0x0000000000002800 xw
rom              0x0000000000004000 0x000000000000bfe0 xr
vectors          0x000000000000ffe0 0x0000000000000020
bsl              0x0000000000000000 0x0000000000000000
infoc            0x0000000000000000 0x0000000000000000
infod            0x0000000000000000 0x0000000000000000
ram2             0x0000000000000000 0x0000000000000000 xw
usbram           0x0000000000000000 0x0000000000000000 xw
far_rom          0x0000000000000000 0x0000000000000000
*default*        0x0000000000000000 0xffffffffffffffff

Linker script and memory map

LOAD /usr/lib/gcc/msp430/4.6.3/mmpy-16/crt0ivtbl16.o
LOAD udp-sink.co
LOAD obj_sky/data.o
LOAD obj_sky/geolocation.o
LOAD obj_sky/broadcast.o
LOAD obj_sky/multicast.o
LOAD obj_sky/sink_command.o
LOAD obj_sky/sender_command.o
LOAD obj_sky/contiki-sky-main.o
LOAD contiki-sky.a
LOAD /usr/lib/gcc/msp430/4.6.3/mmpy-16/libgcc.a
LOAD /usr/lib/gcc/msp430/4.6.3/../../../../msp430/lib/mmpy-16/libc.a
LOAD /usr/lib/gcc/msp430/4.6.3/mmpy-16/libgcc.a
LOAD /usr/lib/gcc/msp430/4.6.3/mmpy-16/libcrt0.a
                0x0000000000000080                PROVIDE (__info_segment_size, 0x80)
                0x0000000000001000                PROVIDE (__infob, 0x1000)
                0x0000000000001080                PROVIDE (__infoa, 0x1080)
                0x0000000000000000                __IE1 = 0x0
                0x0000000000000002                __IFG1 = 0x2
                0x0000000000000004                __ME1 = 0x4
                0x0000000000000001                __IE2 = 0x1
                0x0000000000000003                __IFG2 = 0x3
                0x0000000000000005                __ME2 = 0x5
                0x0000000000000120                __WDTCTL = 0x120
                0x0000000000000130                __MPY = 0x130
                0x0000000000000132                __MPYS = 0x132
                0x0000000000000134                __MAC = 0x134
                0x0000000000000136                __MACS = 0x136
                0x0000000000000138                __OP2 = 0x138
                0x000000000000013a                __RESLO = 0x13a
                0x000000000000013c                __RESHI = 0x13c
                0x000000000000013e                __SUMEXT = 0x13e
                0x0000000000000020                __P1IN = 0x20
                0x0000000000000021                __P1OUT = 0x21
                0x0000000000000022                __P1DIR = 0x22
                0x0000000000000023                __P1IFG = 0x23
                0x0000000000000024                __P1IES = 0x24
                0x0000000000000025                __P1IE = 0x25
                0x0000000000000026                __P1SEL = 0x26
                0x0000000000000028                __P2IN = 0x28
                0x0000000000000029                __P2OUT = 0x29
                0x000000000000002a                __P2DIR = 0x2a
                0x000000000000002b                __P2IFG = 0x2b
                0x000000000000002c                __P2IES = 0x2c
                0x000000000000002d                __P2IE = 0x2d
                0x000000000000002e                __P2SEL = 0x2e
                0x0000000000000018                __P3IN = 0x18
                0x0000000000000019                __P3OUT = 0x19
                0x000000000000001a                __P3DIR = 0x1a
                0x000000000000001b                __P3SEL = 0x1b
                0x000000000000001c                __P4IN = 0x1c
                0x000000000000001d                __P4OUT = 0x1d
                0x000000000000001e                __P4DIR = 0x1e
                0x000000000000001f                __P4SEL = 0x1f
                0x0000000000000030                __P5IN = 0x30
                0x0000000000000031                __P5OUT = 0x31
                0x0000000000000032                __P5DIR = 0x32
                0x0000000000000033                __P5SEL = 0x33
                0x0000000000000034                __P6IN = 0x34
                0x0000000000000035                __P6OUT = 0x35
                0x0000000000000036                __P6DIR = 0x36
                0x0000000000000037                __P6SEL = 0x37
                0x0000000000000070                __U0CTL = 0x70
                0x0000000000000071                __U0TCTL = 0x71
                0x0000000000000072                __U0RCTL = 0x72
                0x0000000000000073                __U0MCTL = 0x73
                0x0000000000000074                __U0BR0 = 0x74
                0x0000000000000075                __U0BR1 = 0x75
                0x0000000000000076                __U0RXBUF = 0x76
                0x0000000000000077                __U0TXBUF = 0x77
                0x0000000000000078                __U1CTL = 0x78
                0x0000000000000079                __U1TCTL = 0x79
                0x000000000000007a                __U1RCTL = 0x7a
                0x000000000000007b                __U1MCTL = 0x7b
                0x000000000000007c                __U1BR0 = 0x7c
                0x000000000000007d                __U1BR1 = 0x7d
                0x000000000000007e                __U1RXBUF = 0x7e
                0x000000000000007f                __U1TXBUF = 0x7f
                0x0000000000000050                __I2CIE = 0x50
                0x0000000000000051                __I2CIFG = 0x51
                0x0000000000000052                __I2CNDAT = 0x52
                0x0000000000000071                __I2CTCTL = 0x71
                0x0000000000000072                __I2CDCTL = 0x72
                0x0000000000000073                __I2CPSC = 0x73
                0x0000000000000074                __I2CSCLH = 0x74
                0x0000000000000075                __I2CSCLL = 0x75
                0x0000000000000076                __I2CDRB = 0x76
                0x0000000000000076                __I2CDRW = 0x76
                0x0000000000000118                __I2COA = 0x118
                0x000000000000011a                __I2CSA = 0x11a
                0x000000000000011c                __I2CIV = 0x11c
                0x000000000000012e                __TAIV = 0x12e
                0x0000000000000160                __TACTL = 0x160
                0x0000000000000162                __TACCTL0 = 0x162
                0x0000000000000164                __TACCTL1 = 0x164
                0x0000000000000166                __TACCTL2 = 0x166
                0x0000000000000170                __TAR = 0x170
                0x0000000000000172                __TACCR0 = 0x172
                0x0000000000000174                __TACCR1 = 0x174
                0x0000000000000176                __TACCR2 = 0x176
                0x000000000000011e                __TBIV = 0x11e
                0x0000000000000180                __TBCTL = 0x180
                0x0000000000000182                __TBCCTL0 = 0x182
                0x0000000000000184                __TBCCTL1 = 0x184
                0x0000000000000186                __TBCCTL2 = 0x186
                0x0000000000000188                __TBCCTL3 = 0x188
                0x000000000000018a                __TBCCTL4 = 0x18a
                0x000000000000018c                __TBCCTL5 = 0x18c
                0x000000000000018e                __TBCCTL6 = 0x18e
                0x0000000000000190                __TBR = 0x190
                0x0000000000000192                __TBCCR0 = 0x192
                0x0000000000000194                __TBCCR1 = 0x194
                0x0000000000000196                __TBCCR2 = 0x196
                0x0000000000000198                __TBCCR3 = 0x198
                0x000000000000019a                __TBCCR4 = 0x19a
                0x000000000000019c                __TBCCR5 = 0x19c
                0x000000000000019e                __TBCCR6 = 0x19e
                0x0000000000000056                __DCOCTL = 0x56
                0x0000000000000057                __BCSCTL1 = 0x57
                0x0000000000000058                __BCSCTL2 = 0x58
                0x0000000000000055                __SVSCTL = 0x55
                0x0000000000000128                __FCTL1 = 0x128
                0x000000000000012a                __FCTL2 = 0x12a
                0x000000000000012c                __FCTL3 = 0x12c
                0x0000000000000059                __CACTL1 = 0x59
                0x000000000000005a                __CACTL2 = 0x5a
                0x000000000000005b                __CAPD = 0x5b
                0x00000000000001a0                __ADC12CTL0 = 0x1a0
                0x00000000000001a2                __ADC12CTL1 = 0x1a2
                0x00000000000001a4                __ADC12IFG = 0x1a4
                0x00000000000001a6                __ADC12IE = 0x1a6
                0x00000000000001a8                __ADC12IV = 0x1a8
                0x0000000000000140                __ADC12MEM0 = 0x140
                0x0000000000000142                __ADC12MEM1 = 0x142
                0x0000000000000144                __ADC12MEM2 = 0x144
                0x0000000000000146                __ADC12MEM3 = 0x146
                0x0000000000000148                __ADC12MEM4 = 0x148
                0x000000000000014a                __ADC12MEM5 = 0x14a
                0x000000000000014c                __ADC12MEM6 = 0x14c
                0x000000000000014e                __ADC12MEM7 = 0x14e
                0x0000000000000150                __ADC12MEM8 = 0x150
                0x0000000000000152                __ADC12MEM9 = 0x152
                0x0000000000000154                __ADC12MEM10 = 0x154
                0x0000000000000156                __ADC12MEM11 = 0x156
                0x0000000000000158                __ADC12MEM12 = 0x158
                0x000000000000015a                __ADC12MEM13 = 0x15a
                0x000000000000015c                __ADC12MEM14 = 0x15c
                0x000000000000015e                __ADC12MEM15 = 0x15e
                0x0000000000000080                __ADC12MCTL0 = 0x80
                0x0000000000000081                __ADC12MCTL1 = 0x81
                0x0000000000000082                __ADC12MCTL2 = 0x82
                0x0000000000000083                __ADC12MCTL3 = 0x83
                0x0000000000000084                __ADC12MCTL4 = 0x84
                0x0000000000000085                __ADC12MCTL5 = 0x85
                0x0000000000000086                __ADC12MCTL6 = 0x86
                0x0000000000000087                __ADC12MCTL7 = 0x87
                0x0000000000000088                __ADC12MCTL8 = 0x88
                0x0000000000000089                __ADC12MCTL9 = 0x89
                0x000000000000008a                __ADC12MCTL10 = 0x8a
                0x000000000000008b                __ADC12MCTL11 = 0x8b
                0x000000000000008c                __ADC12MCTL12 = 0x8c
                0x000000000000008d                __ADC12MCTL13 = 0x8d
                0x000000000000008e                __ADC12MCTL14 = 0x8e
                0x000000000000008f                __ADC12MCTL15 = 0x8f
                0x00000000000001c0                __DAC12_0CTL = 0x1c0
                0x00000000000001c2                __DAC12_1CTL = 0x1c2
                0x00000000000001c8                __DAC12_0DAT = 0x1c8
                0x00000000000001ca                __DAC12_1DAT = 0x1ca
                0x0000000000000122                __DMACTL0 = 0x122
                0x0000000000000124                __DMACTL1 = 0x124
                0x00000000000001e0                __DMA0CTL = 0x1e0
                0x00000000000001e8                __DMA1CTL = 0x1e8
                0x00000000000001f0                __DMA2CTL = 0x1f0
                0x00000000000001e2                __DMA0SA = 0x1e2
                0x00000000000001e4                __DMA0DA = 0x1e4
                0x00000000000001e6                __DMA0SZ = 0x1e6
                0x00000000000001ea                __DMA1SA = 0x1ea
                0x00000000000001ec                __DMA1DA = 0x1ec
                0x00000000000001ee                __DMA1SZ = 0x1ee
                0x00000000000001f2                __DMA2SA = 0x1f2
                0x00000000000001f4                __DMA2DA = 0x1f4
                0x00000000000001f6                __DMA2SZ = 0x1f6

.hash
 *(.hash)

.dynsym
 *(.dynsym)

.dynstr
 *(.dynstr)

.gnu.version
 *(.gnu.version)

.gnu.version_d
 *(.gnu.version_d)

.gnu.version_r
 *(.gnu.version_r)

.rel.init
 *(.rel.init)

.rela.init
 *(.rela.init)

.rel.fini
 *(.rel.fini)

.rela.fini
 *(.rela.fini)

.rel.text
 *(.rel.text .rel.text.* .rel.gnu.linkonce.t.*)

.rela.text
 *(.rela.text .rela.text.* .rela.gnu.linkonce.t.*)

.rel.rodata
 *(.rel.rodata .rel.rodata.* .rel.gnu.linkonce.r.*)

.rela.rodata
 *(.rela.rodata .rela.rodata.* .rela.gnu.linkonce.r.*)

.rel.data
 *(.rel.data .rel.data.* .rel.gnu.linkonce.d.*)

.rela.data
 *(.rela.data .rela.data.* .rela.gnu.linkonce.d.*)

.rel.bss
 *(.rel.bss .rel.bss.* .rel.gnu.linkonce.b.*)

.rela.bss
 *(.rela.bss .rela.bss.* .rela.gnu.linkonce.b.*)

.rel.ctors
 *(.rel.ctors)

.rela.ctors
 *(.rela.ctors)

.rel.dtors
 *(.rel.dtors)

.rela.dtors
 *(.rela.dtors)

.rel.got
 *(.rel.got)

.rela.got
 *(.rela.got)

.rel.plt
 *(.rel.plt)

.rela.plt
 *(.rela.plt)

.text           0x0000000000004000     0xb10e
                0x0000000000004000                . = ALIGN (0x2)
 *(.init .init.*)
 *(.init0)
 .init0         0x0000000000004000        0x0 /usr/lib/gcc/msp430/4.6.3/mmpy-16/libcrt0.a(_reset_vector__.o)
                0x0000000000004000                _reset_vector__
 *(.init1)
 .init1         0x0000000000004000        0xc /usr/lib/gcc/msp430/4.6.3/mmpy-16/libcrt0.a(__watchdog_support.o)
                0x0000000000004000                __watchdog_support
 *(.init2)
 .init2         0x000000000000400c        0x4 /usr/lib/gcc/msp430/4.6.3/mmpy-16/libcrt0.a(__init_stack.o)
                0x000000000000400c                __init_stack
 *(.init3)
 .init3         0x0000000000004010        0x0 /usr/lib/gcc/msp430/4.6.3/mmpy-16/libcrt0.a(__low_level_init.o)
                0x0000000000004010                __low_level_init
 *(.init4)
 .init4         0x0000000000004010       0x18 /usr/lib/gcc/msp430/4.6.3/mmpy-16/libcrt0.a(_copy_data.o)
                0x0000000000004010                __do_copy_data
 .init4         0x0000000000004028       0x16 /usr/lib/gcc/msp430/4.6.3/mmpy-16/libcrt0.a(_clear_bss.o)
                0x0000000000004028                __do_clear_bss
 *(.init5)
 *(.init6)
 *(.init7)
 *(.init8)
 *(.init9)
 .init9         0x000000000000403e      0x360 obj_sky/contiki-sky-main.o
                0x000000000000403e                main
 *(.fini9)
 .fini9         0x000000000000439e        0x0 /usr/lib/gcc/msp430/4.6.3/mmpy-16/libcrt0.a(__stop_progExec__.o)
                0x000000000000439e                __stop_progExec__
 *(.fini8)
 *(.fini7)
 *(.fini6)
 *(.fini5)
 *(.fini4)
 *(.fini3)
 *(.fini2)
 *(.fini1)
 *(.fini0)
 .fini0         0x000000000000439e        0x6 /usr/lib/gcc/msp430/4.6.3/mmpy-16/libcrt0.a(_endless_loop__.o)
                0x000000000000439e                _endless_loop__
 *(.fini .fini.*)
                0x00000000000043a4                . = ALIGN (0x2)
                0x00000000000043a4                __ctors_start = .
 *(.ctors)
                0x00000000000043a4                __ctors_end = .
                0x00000000000043a4                __dtors_start = .
 *(.dtors)
                0x00000000000043a4                __dtors_end = .
                0x00000000000043a4                . = ALIGN (0x2)
 *(.text .text.* .gnu.linkonce.t.*)
 .text          0x00000000000043a4        0x4 /usr/lib/gcc/msp430/4.6.3/mmpy-16/crt0ivtbl16.o
                0x00000000000043a4                __isr_14
                0x00000000000043a4                __isr_11
                0x00000000000043a4                __isr_2
                0x00000000000043a4                __isr_7
                0x00000000000043a4                __isr_0
                0x00000000000043a4                __isr_8
                0x00000000000043a4                __isr_3
                0x00000000000043a4                __isr_12
                0x00000000000043a4                __isr_13
                0x00000000000043a4                __isr_9
 .text.process_thread_udp_server_process
                0x00000000000043a8      0x31e udp-sink.co
 .text.print_sink_id_dvn
                0x00000000000046c6       0x54 udp-sink.co
                0x00000000000046c6                print_sink_id_dvn
 .text.data_recv
                0x000000000000471a       0xc8 obj_sky/data.o
                0x000000000000471a                data_recv
 .text.multicast_init
                0x00000000000047e2       0x34 obj_sky/multicast.o
                0x00000000000047e2                multicast_init
 .text.multicast_send
                0x0000000000004816        0xe obj_sky/multicast.o
                0x0000000000004816                multicast_send
 .text.command_sink_init
                0x0000000000004824       0x40 obj_sky/sink_command.o
                0x0000000000004824                command_sink_init
 .text.command_sink_check
                0x0000000000004864      0x158 obj_sky/sink_command.o
                0x0000000000004864                command_sink_check
 .text.init_platform
                0x00000000000049bc        0xc contiki-sky.a(contiki-sky-pla)
                0x00000000000049bc                init_platform
 .text.status   0x00000000000049c8       0x16 contiki-sky.a(button-sensor.o)
 .text.configure
                0x00000000000049de       0x52 contiki-sky.a(button-sensor.o)
 .text.value    0x0000000000004a30       0x22 contiki-sky.a(button-sensor.o)
 .text.irq_p2   0x0000000000004a52       0x8a contiki-sky.a(button-sensor.o)
                0x0000000000004a52                irq_p2
                0x0000000000004a52                __isr_1
 .text.owreadb  0x0000000000004adc       0x52 contiki-sky.a(ds2411.o)
 .text.ds2411_init
                0x0000000000004b2e      0x122 contiki-sky.a(ds2411.o)
                0x0000000000004b2e                ds2411_init
 .text.wait_ready
                0x0000000000004c50       0x50 contiki-sky.a(xmem.o)
 .text.xmem_init
                0x0000000000004ca0       0x3e contiki-sky.a(xmem.o)
                0x0000000000004ca0                xmem_init
 .text.xmem_pread
                0x0000000000004cde       0xea contiki-sky.a(xmem.o)
                0x0000000000004cde                xmem_pread
 .text.node_id_restore
                0x0000000000004dc8       0x38 contiki-sky.a(node-id.o)
                0x0000000000004dc8                node_id_restore
 .text.process_thread_sensors_process
                0x0000000000004e00       0xbe contiki-sky.a(sensors.o)
 .text.sensors_changed
                0x0000000000004ebe       0x2a contiki-sky.a(sensors.o)
                0x0000000000004ebe                sensors_changed
 .text.get_object
                0x0000000000004ee8        0x4 contiki-sky.a(cc2420.o)
 .text.set_object
                0x0000000000004eec        0x4 contiki-sky.a(cc2420.o)
 .text.strobe   0x0000000000004ef0       0x20 contiki-sky.a(cc2420.o)
 .text.status   0x0000000000004f10       0x26 contiki-sky.a(cc2420.o)
 .text.getreg   0x0000000000004f36       0x54 contiki-sky.a(cc2420.o)
 .text.setreg   0x0000000000004f8a       0x52 contiki-sky.a(cc2420.o)
 .text.write_ram
                0x0000000000004fdc       0x58 contiki-sky.a(cc2420.o)
 .text.set_txpower
                0x0000000000005034       0x26 contiki-sky.a(cc2420.o)
 .text.cc2420_receiving_packet
                0x000000000000505a        0xe contiki-sky.a(cc2420.o)
 .text.pending_packet
                0x0000000000005068        0x8 contiki-sky.a(cc2420.o)
 .text.wait_for_status
                0x0000000000005070       0x2a contiki-sky.a(cc2420.o)
 .text.on       0x000000000000509a       0x26 contiki-sky.a(cc2420.o)
 .text.getrxbyte
                0x00000000000050c0       0x40 contiki-sky.a(cc2420.o)
 .text.flushrx  0x0000000000005100       0x18 contiki-sky.a(cc2420.o)
 .text.getrxdata
                0x0000000000005118       0x56 contiki-sky.a(cc2420.o)
 .text.wait_for_not_status.constprop.6
                0x000000000000516e       0x22 contiki-sky.a(cc2420.o)
 .text.off      0x0000000000005190       0x5a contiki-sky.a(cc2420.o)
 .text.RELEASE_LOCK
                0x00000000000051ea       0x28 contiki-sky.a(cc2420.o)
 .text.cc2420_prepare
                0x0000000000005212       0x8a contiki-sky.a(cc2420.o)
 .text.cc2420_on
                0x000000000000529c       0x22 contiki-sky.a(cc2420.o)
                0x000000000000529c                cc2420_on
 .text.cc2420_read
                0x00000000000052be       0xb6 contiki-sky.a(cc2420.o)
 .text.process_thread_cc2420_process
                0x0000000000005374       0x50 contiki-sky.a(cc2420.o)
 .text.cc2420_off
                0x00000000000053c4       0x30 contiki-sky.a(cc2420.o)
                0x00000000000053c4                cc2420_off
 .text.cc2420_cca
                0x00000000000053f4       0x5e contiki-sky.a(cc2420.o)
 .text.cc2420_set_channel
                0x0000000000005452       0x44 contiki-sky.a(cc2420.o)
                0x0000000000005452                cc2420_set_channel
 .text.cc2420_set_pan_addr
                0x0000000000005496       0x82 contiki-sky.a(cc2420.o)
                0x0000000000005496                cc2420_set_pan_addr
 .text.cc2420_interrupt
                0x0000000000005518       0x1c contiki-sky.a(cc2420.o)
                0x0000000000005518                cc2420_interrupt
 .text.cc2420_set_txpower
                0x0000000000005534        0xe contiki-sky.a(cc2420.o)
                0x0000000000005534                cc2420_set_txpower
 .text.set_value
                0x0000000000005542       0x78 contiki-sky.a(cc2420.o)
 .text.cc2420_get_txpower
                0x00000000000055ba       0x1e contiki-sky.a(cc2420.o)
                0x00000000000055ba                cc2420_get_txpower
 .text.cc2420_transmit
                0x00000000000055d8      0x128 contiki-sky.a(cc2420.o)
 .text.cc2420_send
                0x0000000000005700       0x12 contiki-sky.a(cc2420.o)
 .text.cc2420_rssi
                0x0000000000005712       0x48 contiki-sky.a(cc2420.o)
                0x0000000000005712                cc2420_rssi
 .text.get_value
                0x000000000000575a       0x8e contiki-sky.a(cc2420.o)
 .text.cc2420_set_cca_threshold
                0x00000000000057e8       0x16 contiki-sky.a(cc2420.o)
                0x00000000000057e8                cc2420_set_cca_threshold
 .text.cc2420_init
                0x00000000000057fe       0xd8 contiki-sky.a(cc2420.o)
                0x00000000000057fe                cc2420_init
 .text.cc2420_port1_interrupt
                0x00000000000058d6       0x62 contiki-sky.a(cc2420-arch.o)
                0x00000000000058d6                __isr_4
                0x00000000000058d6                cc2420_port1_interrupt
 .text.cc2420_arch_init
                0x0000000000005938       0x1a contiki-sky.a(cc2420-arch.o)
                0x0000000000005938                cc2420_arch_init
 .text.handle_rxdma_timer
                0x0000000000005952       0x3a contiki-sky.a(uart1.o)
 .text.uart1_active
                0x000000000000598c       0x1a contiki-sky.a(uart1.o)
                0x000000000000598c                uart1_active
 .text.uart1_set_input
                0x00000000000059a6       0x20 contiki-sky.a(uart1.o)
                0x00000000000059a6                uart1_set_input
 .text.uart1_writeb
                0x00000000000059c6       0x1a contiki-sky.a(uart1.o)
                0x00000000000059c6                uart1_writeb
 .text.uart1_init
                0x00000000000059e0       0xf6 contiki-sky.a(uart1.o)
                0x00000000000059e0                uart1_init
 .text.putchar  0x0000000000005ad6       0x10 contiki-sky.a(uart1-putchar.o)
                0x0000000000005ad6                putchar
 .text.msp430_init_dco
                0x0000000000005ae6       0x84 contiki-sky.a(msp430.o)
                0x0000000000005ae6                msp430_init_dco
 .text.msp430_add_lpm_req
                0x0000000000005b6a        0xc contiki-sky.a(msp430.o)
                0x0000000000005b6a                msp430_add_lpm_req
 .text.msp430_cpu_init
                0x0000000000005b76       0x2a contiki-sky.a(msp430.o)
                0x0000000000005b76                msp430_cpu_init
 .text.splhigh_
                0x0000000000005ba0        0x8 contiki-sky.a(msp430.o)
                0x0000000000005ba0                splhigh_
 .text.msp430_sync_dco
                0x0000000000005ba8       0x68 contiki-sky.a(msp430.o)
                0x0000000000005ba8                msp430_sync_dco
 .text.timera1  0x0000000000005c10       0xfe contiki-sky.a(clock.o)
                0x0000000000005c10                __isr_5
                0x0000000000005c10                timera1
 .text.clock_time
                0x0000000000005d0e       0x1a contiki-sky.a(clock.o)
                0x0000000000005d0e                clock_time
 .text.clock_init
                0x0000000000005d28       0x28 contiki-sky.a(clock.o)
                0x0000000000005d28                clock_init
 .text.clock_delay
                0x0000000000005d50        0xc contiki-sky.a(clock.o)
                0x0000000000005d50                clock_delay
 .text.clock_seconds
                0x0000000000005d5c       0x1a contiki-sky.a(clock.o)
                0x0000000000005d5c                clock_seconds
 .text.show_leds
                0x0000000000005d76       0xf6 contiki-sky.a(leds.o)
 .text.leds_init
                0x0000000000005e6c        0xa contiki-sky.a(leds.o)
                0x0000000000005e6c                leds_init
 .text.leds_on  0x0000000000005e76        0xa contiki-sky.a(leds.o)
                0x0000000000005e76                leds_on
 .text.leds_off
                0x0000000000005e80        0xe contiki-sky.a(leds.o)
                0x0000000000005e80                leds_off
 .text.leds_toggle
                0x0000000000005e8e        0xa contiki-sky.a(leds.o)
                0x0000000000005e8e                leds_toggle
 .text.leds_blink
                0x0000000000005e98       0x20 contiki-sky.a(leds.o)
                0x0000000000005e98                leds_blink
 .text.leds_arch_init
                0x0000000000005eb8        0xe contiki-sky.a(leds-arch.o)
                0x0000000000005eb8                leds_arch_init
 .text.leds_arch_set
                0x0000000000005ec6       0x3a contiki-sky.a(leds-arch.o)
                0x0000000000005ec6                leds_arch_set
 .text.watchdog_interrupt
                0x0000000000005f00        0x6 contiki-sky.a(watchdog.o)
                0x0000000000005f00                __isr_10
                0x0000000000005f00                watchdog_interrupt
 .text.watchdog_start
                0x0000000000005f06       0x14 contiki-sky.a(watchdog.o)
                0x0000000000005f06                watchdog_start
 .text.watchdog_periodic
                0x0000000000005f1a       0x12 contiki-sky.a(watchdog.o)
                0x0000000000005f1a                watchdog_periodic
 .text.watchdog_stop
                0x0000000000005f2c       0x16 contiki-sky.a(watchdog.o)
                0x0000000000005f2c                watchdog_stop
 .text.watchdog_init
                0x0000000000005f42       0x14 contiki-sky.a(watchdog.o)
                0x0000000000005f42                watchdog_init
 .text.rtimer_arch_init
                0x0000000000005f56        0xe contiki-sky.a(rtimer-arch.o)
                0x0000000000005f56                rtimer_arch_init
 .text.rtimer_arch_now
                0x0000000000005f64        0xe contiki-sky.a(rtimer-arch.o)
                0x0000000000005f64                rtimer_arch_now
 .text.timera0  0x0000000000005f72       0x70 contiki-sky.a(rtimer-arch.o)
                0x0000000000005f72                __isr_6
                0x0000000000005f72                timera0
 .text.rtimer_arch_schedule
                0x0000000000005fe2        0x6 contiki-sky.a(rtimer-arch.o)
                0x0000000000005fe2                rtimer_arch_schedule
 .text.autostart_start
                0x0000000000005fe8       0x16 contiki-sky.a(autostart.o)
                0x0000000000005fe8                autostart_start
 .text.process_thread_ctimer_process
                0x0000000000005ffe       0xa4 contiki-sky.a(ctimer.o)
 .text.ctimer_init
                0x00000000000060a2       0x18 contiki-sky.a(ctimer.o)
                0x00000000000060a2                ctimer_init
 .text.ctimer_set
                0x00000000000060ba       0x5a contiki-sky.a(ctimer.o)
                0x00000000000060ba                ctimer_set
 .text.ctimer_reset
                0x0000000000006114       0x3a contiki-sky.a(ctimer.o)
                0x0000000000006114                ctimer_reset
 .text.ctimer_stop
                0x000000000000614e       0x28 contiki-sky.a(ctimer.o)
                0x000000000000614e                ctimer_stop
 .text.energest_init
                0x0000000000006176       0x28 contiki-sky.a(energest.o)
                0x0000000000006176                energest_init
 .text.energest_type_time
                0x000000000000619e       0x46 contiki-sky.a(energest.o)
                0x000000000000619e                energest_type_time
 .text.energest_type_set
                0x00000000000061e4        0xe contiki-sky.a(energest.o)
                0x00000000000061e4                energest_type_set
 .text.energest_flush
                0x00000000000061f2       0x48 contiki-sky.a(energest.o)
                0x00000000000061f2                energest_flush
 .text.update_time
                0x000000000000623a       0x78 contiki-sky.a(etimer.o)
 .text.etimer_request_poll
                0x00000000000062b2        0xa contiki-sky.a(etimer.o)
                0x00000000000062b2                etimer_request_poll
 .text.process_thread_etimer_process
                0x00000000000062bc       0xc8 contiki-sky.a(etimer.o)
 .text.add_timer
                0x0000000000006384       0x40 contiki-sky.a(etimer.o)
 .text.etimer_set
                0x00000000000063c4       0x12 contiki-sky.a(etimer.o)
                0x00000000000063c4                etimer_set
 .text.etimer_reset
                0x00000000000063d6       0x12 contiki-sky.a(etimer.o)
                0x00000000000063d6                etimer_reset
 .text.etimer_restart
                0x00000000000063e8       0x12 contiki-sky.a(etimer.o)
                0x00000000000063e8                etimer_restart
 .text.etimer_expired
                0x00000000000063fa        0xe contiki-sky.a(etimer.o)
                0x00000000000063fa                etimer_expired
 .text.etimer_expiration_time
                0x0000000000006408       0x14 contiki-sky.a(etimer.o)
                0x0000000000006408                etimer_expiration_time
 .text.etimer_pending
                0x000000000000641c        0xc contiki-sky.a(etimer.o)
                0x000000000000641c                etimer_pending
 .text.etimer_next_expiration_time
                0x0000000000006428       0x16 contiki-sky.a(etimer.o)
                0x0000000000006428                etimer_next_expiration_time
 .text.etimer_stop
                0x000000000000643e       0x3c contiki-sky.a(etimer.o)
                0x000000000000643e                etimer_stop
 .text.call_process
                0x000000000000647a       0x4a contiki-sky.a(process.o)
 .text.exit_process
                0x00000000000064c4       0x96 contiki-sky.a(process.o)
 .text.do_poll  0x000000000000655a       0x30 contiki-sky.a(process.o)
 .text.process_alloc_event
                0x000000000000658a        0xe contiki-sky.a(process.o)
                0x000000000000658a                process_alloc_event
 .text.process_init
                0x0000000000006598       0x1c contiki-sky.a(process.o)
                0x0000000000006598                process_init
 .text.process_run
                0x00000000000065b4       0xa2 contiki-sky.a(process.o)
                0x00000000000065b4                process_run
 .text.process_nevents
                0x0000000000006656        0xe contiki-sky.a(process.o)
                0x0000000000006656                process_nevents
 .text.process_post
                0x0000000000006664       0x54 contiki-sky.a(process.o)
                0x0000000000006664                process_post
 .text.process_post_synch
                0x00000000000066b8       0x12 contiki-sky.a(process.o)
                0x00000000000066b8                process_post_synch
 .text.process_start
                0x00000000000066ca       0x32 contiki-sky.a(process.o)
                0x00000000000066ca                process_start
 .text.process_poll
                0x00000000000066fc       0x18 contiki-sky.a(process.o)
                0x00000000000066fc                process_poll
 .text.rtimer_init
                0x0000000000006714        0x6 contiki-sky.a(rtimer.o)
                0x0000000000006714                rtimer_init
 .text.rtimer_set
                0x000000000000671a       0x24 contiki-sky.a(rtimer.o)
                0x000000000000671a                rtimer_set
 .text.rtimer_run_next
                0x000000000000673e       0x26 contiki-sky.a(rtimer.o)
                0x000000000000673e                rtimer_run_next
 .text.timer_set
                0x0000000000006764       0x1c contiki-sky.a(timer.o)
                0x0000000000006764                timer_set
 .text.timer_reset
                0x0000000000006780        0xe contiki-sky.a(timer.o)
                0x0000000000006780                timer_reset
 .text.timer_restart
                0x000000000000678e       0x14 contiki-sky.a(timer.o)
                0x000000000000678e                timer_restart
 .text.timer_expired
                0x00000000000067a2       0x2a contiki-sky.a(timer.o)
                0x00000000000067a2                timer_expired
 .text.process_thread_serial_line_process
                0x00000000000067cc       0x9c contiki-sky.a(serial-line.o)
 .text.serial_line_input_byte
                0x0000000000006868       0x4a contiki-sky.a(serial-line.o)
                0x0000000000006868                serial_line_input_byte
 .text.serial_line_init
                0x00000000000068b2       0x1c contiki-sky.a(serial-line.o)
                0x00000000000068b2                serial_line_init
 .text.list_init
                0x00000000000068ce        0x6 contiki-sky.a(list.o)
                0x00000000000068ce                list_init
 .text.list_head
                0x00000000000068d4        0x4 contiki-sky.a(list.o)
                0x00000000000068d4                list_head
 .text.list_tail
                0x00000000000068d8       0x12 contiki-sky.a(list.o)
                0x00000000000068d8                list_tail
 .text.list_remove
                0x00000000000068ea       0x34 contiki-sky.a(list.o)
                0x00000000000068ea                list_remove
 .text.list_push
                0x000000000000691e       0x1a contiki-sky.a(list.o)
                0x000000000000691e                list_push
 .text.list_add
                0x0000000000006938       0x2a contiki-sky.a(list.o)
                0x0000000000006938                list_add
 .text.list_length
                0x0000000000006962       0x10 contiki-sky.a(list.o)
                0x0000000000006962                list_length
 .text.list_item_next
                0x0000000000006972        0xc contiki-sky.a(list.o)
                0x0000000000006972                list_item_next
 .text.random_init
                0x000000000000697e        0x6 contiki-sky.a(random.o)
                0x000000000000697e                random_init
 .text.random_rand
                0x0000000000006984        0x6 contiki-sky.a(random.o)
                0x0000000000006984                random_rand
 .text.ringbuf_init
                0x000000000000698a       0x14 contiki-sky.a(ringbuf.o)
                0x000000000000698a                ringbuf_init
 .text.ringbuf_put
                0x000000000000699e       0x38 contiki-sky.a(ringbuf.o)
                0x000000000000699e                ringbuf_put
 .text.ringbuf_get
                0x00000000000069d6       0x32 contiki-sky.a(ringbuf.o)
                0x00000000000069d6                ringbuf_get
 .text.set_packet_attrs
                0x0000000000006a08       0x44 contiki-sky.a(sicslowpan.o)
 .text.addr_context_lookup_by_number
                0x0000000000006a4c       0x36 contiki-sky.a(sicslowpan.o)
 .text.compress_addr_64
                0x0000000000006a82       0xae contiki-sky.a(sicslowpan.o)
 .text.uncompress_addr
                0x0000000000006b30       0xb4 contiki-sky.a(sicslowpan.o)
 .text.input    0x0000000000006be4      0x65c contiki-sky.a(sicslowpan.o)
 .text.sicslowpan_init
                0x0000000000007240       0x26 contiki-sky.a(sicslowpan.o)
                0x0000000000007240                sicslowpan_init
 .text.addr_context_lookup_by_prefix
                0x0000000000007266       0x4c contiki-sky.a(sicslowpan.o)
 .text.send_packet
                0x00000000000072b2       0x1a contiki-sky.a(sicslowpan.o)
 .text.output   0x00000000000072cc      0x6e4 contiki-sky.a(sicslowpan.o)
 .text.packet_sent
                0x00000000000079b0       0x22 contiki-sky.a(sicslowpan.o)
 .text.chksum   0x00000000000079d2       0x32 contiki-sky.a(uip6.o)
 .text.upper_layer_chksum
                0x0000000000007a04       0x56 contiki-sky.a(uip6.o)
 .text.ext_hdr_options_process
                0x0000000000007a5a       0xda contiki-sky.a(uip6.o)
 .text.uip_add32
                0x0000000000007b34       0x68 contiki-sky.a(uip6.o)
                0x0000000000007b34                uip_add32
 .text.unlikely.uip_add_rcv_nxt
                0x0000000000007b9c       0x2e contiki-sky.a(uip6.o)
 .text.uip_icmp6chksum
                0x0000000000007bca        0xa contiki-sky.a(uip6.o)
                0x0000000000007bca                uip_icmp6chksum
 .text.uip_tcpchksum
                0x0000000000007bd4        0xa contiki-sky.a(uip6.o)
                0x0000000000007bd4                uip_tcpchksum
 .text.uip_udpchksum
                0x0000000000007bde        0xa contiki-sky.a(uip6.o)
                0x0000000000007bde                uip_udpchksum
 .text.uip_init
                0x0000000000007be8       0x7a contiki-sky.a(uip6.o)
                0x0000000000007be8                uip_init
 .text.remove_ext_hdr
                0x0000000000007c62       0x5a contiki-sky.a(uip6.o)
                0x0000000000007c62                remove_ext_hdr
 .text.uip_udp_new
                0x0000000000007cbc       0xf4 contiki-sky.a(uip6.o)
                0x0000000000007cbc                uip_udp_new
 .text.uip_unlisten
                0x0000000000007db0       0x2a contiki-sky.a(uip6.o)
                0x0000000000007db0                uip_unlisten
 .text.uip_process
                0x0000000000007dda      0xe96 contiki-sky.a(uip6.o)
                0x0000000000007dda                uip_process
 .text.uip_htonl
                0x0000000000008c70       0x2e contiki-sky.a(uip6.o)
                0x0000000000008c70                uip_htonl
 .text.uip_ds6_list_loop
                0x0000000000008c9e       0x86 contiki-sky.a(uip-ds6.o)
                0x0000000000008c9e                uip_ds6_list_loop
 .text.uip_ds6_prefix_add
                0x0000000000008d24       0x80 contiki-sky.a(uip-ds6.o)
                0x0000000000008d24                uip_ds6_prefix_add
 .text.uip_ds6_is_addr_onlink
                0x0000000000008da4       0x54 contiki-sky.a(uip-ds6.o)
                0x0000000000008da4                uip_ds6_is_addr_onlink
 .text.uip_ds6_addr_lookup
                0x0000000000008df8       0x2a contiki-sky.a(uip-ds6.o)
                0x0000000000008df8                uip_ds6_addr_lookup
 .text.uip_ds6_get_link_local
                0x0000000000008e22       0x3e contiki-sky.a(uip-ds6.o)
                0x0000000000008e22                uip_ds6_get_link_local
 .text.uip_ds6_maddr_add
                0x0000000000008e60       0x4c contiki-sky.a(uip-ds6.o)
                0x0000000000008e60                uip_ds6_maddr_add
 .text.uip_ds6_addr_add
                0x0000000000008eac       0xc4 contiki-sky.a(uip-ds6.o)
                0x0000000000008eac                uip_ds6_addr_add
 .text.uip_ds6_maddr_lookup
                0x0000000000008f70       0x2a contiki-sky.a(uip-ds6.o)
                0x0000000000008f70                uip_ds6_maddr_lookup
 .text.uip_ds6_addr_rm
                0x0000000000008f9a       0x54 contiki-sky.a(uip-ds6.o)
                0x0000000000008f9a                uip_ds6_addr_rm
 .text.uip_ds6_periodic
                0x0000000000008fee       0x4a contiki-sky.a(uip-ds6.o)
                0x0000000000008fee                uip_ds6_periodic
 .text.uip_ds6_set_addr_iid
                0x0000000000009038       0x14 contiki-sky.a(uip-ds6.o)
                0x0000000000009038                uip_ds6_set_addr_iid
 .text.get_match_length
                0x000000000000904c       0x3e contiki-sky.a(uip-ds6.o)
                0x000000000000904c                get_match_length
 .text.uip_ds6_select_src
                0x000000000000908a       0xaa contiki-sky.a(uip-ds6.o)
                0x000000000000908a                uip_ds6_select_src
 .text.uip_ds6_compute_reachable_time
                0x0000000000009134       0x3e contiki-sky.a(uip-ds6.o)
                0x0000000000009134                uip_ds6_compute_reachable_time
 .text.uip_ds6_init
                0x0000000000009172      0x154 contiki-sky.a(uip-ds6.o)
                0x0000000000009172                uip_ds6_init
 .text.uip_ds6_nbr_rm
                0x00000000000092c6       0x1a contiki-sky.a(uip-ds6-nbr.o)
                0x00000000000092c6                uip_ds6_nbr_rm
 .text.uip_ds6_neighbors_init
                0x00000000000092e0        0xe contiki-sky.a(uip-ds6-nbr.o)
                0x00000000000092e0                uip_ds6_neighbors_init
 .text.uip_ds6_nbr_add
                0x00000000000092ee       0x60 contiki-sky.a(uip-ds6-nbr.o)
                0x00000000000092ee                uip_ds6_nbr_add
 .text.uip_ds6_nbr_get_ll
                0x000000000000934e        0xc contiki-sky.a(uip-ds6-nbr.o)
                0x000000000000934e                uip_ds6_nbr_get_ll
 .text.uip_ds6_nbr_lookup
                0x000000000000935a       0x42 contiki-sky.a(uip-ds6-nbr.o)
                0x000000000000935a                uip_ds6_nbr_lookup
 .text.uip_ds6_nbr_ll_lookup
                0x000000000000939c        0xc contiki-sky.a(uip-ds6-nbr.o)
                0x000000000000939c                uip_ds6_nbr_ll_lookup
 .text.uip_ds6_nbr_ipaddr_from_lladdr
                0x00000000000093a8        0x6 contiki-sky.a(uip-ds6-nbr.o)
                0x00000000000093a8                uip_ds6_nbr_ipaddr_from_lladdr
 .text.uip_ds6_nbr_lladdr_from_ipaddr
                0x00000000000093ae       0x12 contiki-sky.a(uip-ds6-nbr.o)
                0x00000000000093ae                uip_ds6_nbr_lladdr_from_ipaddr
 .text.uip_ds6_link_neighbor_callback
                0x00000000000093c0       0x2a contiki-sky.a(uip-ds6-nbr.o)
                0x00000000000093c0                uip_ds6_link_neighbor_callback
 .text.uip_ds6_neighbor_periodic
                0x00000000000093ea       0x38 contiki-sky.a(uip-ds6-nbr.o)
                0x00000000000093ea                uip_ds6_neighbor_periodic
 .text.call_route_callback
                0x0000000000009422       0x4c contiki-sky.a(uip-ds6-route.o)
 .text.uip_ds6_route_init
                0x000000000000946e       0x36 contiki-sky.a(uip-ds6-route.o)
                0x000000000000946e                uip_ds6_route_init
 .text.uip_ds6_route_nexthop
                0x00000000000094a4       0x1a contiki-sky.a(uip-ds6-route.o)
                0x00000000000094a4                uip_ds6_route_nexthop
 .text.uip_ds6_route_head
                0x00000000000094be        0xa contiki-sky.a(uip-ds6-route.o)
                0x00000000000094be                uip_ds6_route_head
 .text.uip_ds6_route_next
                0x00000000000094c8        0xe contiki-sky.a(uip-ds6-route.o)
                0x00000000000094c8                uip_ds6_route_next
 .text.uip_ds6_route_lookup
                0x00000000000094d6       0x76 contiki-sky.a(uip-ds6-route.o)
                0x00000000000094d6                uip_ds6_route_lookup
 .text.uip_ds6_route_rm
                0x000000000000954c       0xa4 contiki-sky.a(uip-ds6-route.o)
                0x000000000000954c                uip_ds6_route_rm
 .text.rm_routelist
                0x00000000000095f0       0x34 contiki-sky.a(uip-ds6-route.o)
 .text.rm_routelist_callback
                0x0000000000009624        0x6 contiki-sky.a(uip-ds6-route.o)
 .text.uip_ds6_route_add
                0x000000000000962a       0xe8 contiki-sky.a(uip-ds6-route.o)
                0x000000000000962a                uip_ds6_route_add
 .text.uip_ds6_defrt_rm
                0x0000000000009712       0x48 contiki-sky.a(uip-ds6-route.o)
                0x0000000000009712                uip_ds6_defrt_rm
 .text.uip_ds6_defrt_lookup
                0x000000000000975a       0x36 contiki-sky.a(uip-ds6-route.o)
                0x000000000000975a                uip_ds6_defrt_lookup
 .text.uip_ds6_defrt_add
                0x0000000000009790       0x74 contiki-sky.a(uip-ds6-route.o)
                0x0000000000009790                uip_ds6_defrt_add
 .text.uip_ds6_defrt_choose
                0x0000000000009804       0x3a contiki-sky.a(uip-ds6-route.o)
                0x0000000000009804                uip_ds6_defrt_choose
 .text.uip_ds6_defrt_periodic
                0x000000000000983e       0x38 contiki-sky.a(uip-ds6-route.o)
                0x000000000000983e                uip_ds6_defrt_periodic
 .text.echo_reply_input
                0x0000000000009876      0x112 contiki-sky.a(uip-icmp6.o)
 .text.echo_request_input
                0x0000000000009988      0x12c contiki-sky.a(uip-icmp6.o)
 .text.uip_icmp6_input
                0x0000000000009ab4       0x44 contiki-sky.a(uip-icmp6.o)
                0x0000000000009ab4                uip_icmp6_input
 .text.uip_icmp6_register_input_handler
                0x0000000000009af8        0xc contiki-sky.a(uip-icmp6.o)
                0x0000000000009af8                uip_icmp6_register_input_handler
 .text.uip_icmp6_error_output
                0x0000000000009b04      0x17a contiki-sky.a(uip-icmp6.o)
                0x0000000000009b04                uip_icmp6_error_output
 .text.uip_icmp6_send
                0x0000000000009c7e       0x96 contiki-sky.a(uip-icmp6.o)
                0x0000000000009c7e                uip_icmp6_send
 .text.uip_icmp6_init
                0x0000000000009d14       0x12 contiki-sky.a(uip-icmp6.o)
                0x0000000000009d14                uip_icmp6_init
 .text.uip_nd6_init
                0x0000000000009d26        0x2 contiki-sky.a(uip-nd6.o)
                0x0000000000009d26                uip_nd6_init
 .text.input_packet
                0x0000000000009d28        0x6 contiki-sky.a(csma.o)
 .text.on       0x0000000000009d2e        0x6 contiki-sky.a(csma.o)
 .text.off      0x0000000000009d34        0x6 contiki-sky.a(csma.o)
 .text.channel_check_interval
                0x0000000000009d3a       0x10 contiki-sky.a(csma.o)
 .text.transmit_packet_list
                0x0000000000009d4a       0x24 contiki-sky.a(csma.o)
 .text.send_packet
                0x0000000000009d6e      0x176 contiki-sky.a(csma.o)
 .text.init     0x0000000000009ee4       0x1a contiki-sky.a(csma.o)
 .text.free_packet
                0x0000000000009efe       0x9c contiki-sky.a(csma.o)
 .text.packet_sent
                0x0000000000009f9a      0x130 contiki-sky.a(csma.o)
 .text.parse    0x000000000000a0ca       0xa4 contiki-sky.a(framer-802154.o)
 .text.create_frame.isra.0
                0x000000000000a16e      0x11c contiki-sky.a(framer-802154.o)
 .text.create   0x000000000000a28a        0x8 contiki-sky.a(framer-802154.o)
 .text.hdr_length
                0x000000000000a292        0x8 contiki-sky.a(framer-802154.o)
 .text.mac_call_sent_callback
                0x000000000000a29a       0x14 contiki-sky.a(mac.o)
                0x000000000000a29a                mac_call_sent_callback
 .text.linkaddr_copy
                0x000000000000a2ae        0x8 contiki-sky.a(linkaddr.o)
                0x000000000000a2ae                linkaddr_copy
 .text.linkaddr_cmp
                0x000000000000a2b6       0x12 contiki-sky.a(linkaddr.o)
                0x000000000000a2b6                linkaddr_cmp
 .text.linkaddr_set_node_addr
                0x000000000000a2c8        0xc contiki-sky.a(linkaddr.o)
                0x000000000000a2c8                linkaddr_set_node_addr
 .text.index_from_key
                0x000000000000a2d4       0x48 contiki-sky.a(nbr-table.o)
 .text.item_from_key
                0x000000000000a31c       0x34 contiki-sky.a(nbr-table.o)
 .text.nbr_set_bit
                0x000000000000a350       0x8e contiki-sky.a(nbr-table.o)
 .text.index_from_lladdr
                0x000000000000a3de       0x42 contiki-sky.a(nbr-table.o)
 .text.nbr_get_bit.constprop.0
                0x000000000000a420       0x62 contiki-sky.a(nbr-table.o)
 .text.nbr_table_register
                0x000000000000a482       0x28 contiki-sky.a(nbr-table.o)
                0x000000000000a482                nbr_table_register
 .text.nbr_table_next
                0x000000000000a4aa       0x90 contiki-sky.a(nbr-table.o)
                0x000000000000a4aa                nbr_table_next
 .text.nbr_table_head
                0x000000000000a53a       0x36 contiki-sky.a(nbr-table.o)
                0x000000000000a53a                nbr_table_head
 .text.nbr_table_add_lladdr
                0x000000000000a570      0x144 contiki-sky.a(nbr-table.o)
                0x000000000000a570                nbr_table_add_lladdr
 .text.nbr_table_get_from_lladdr
                0x000000000000a6b4       0x48 contiki-sky.a(nbr-table.o)
                0x000000000000a6b4                nbr_table_get_from_lladdr
 .text.nbr_table_remove
                0x000000000000a6fc       0x32 contiki-sky.a(nbr-table.o)
                0x000000000000a6fc                nbr_table_remove
 .text.nbr_table_lock
                0x000000000000a72e       0x10 contiki-sky.a(nbr-table.o)
                0x000000000000a72e                nbr_table_lock
 .text.nbr_table_unlock
                0x000000000000a73e       0x10 contiki-sky.a(nbr-table.o)
                0x000000000000a73e                nbr_table_unlock
 .text.nbr_table_get_lladdr
                0x000000000000a74e       0x5a contiki-sky.a(nbr-table.o)
                0x000000000000a74e                nbr_table_get_lladdr
 .text.packetbuf_copyto_hdr
                0x000000000000a7a8       0x1c contiki-sky.a(packetbuf.o)
                0x000000000000a7a8                packetbuf_copyto_hdr
 .text.packetbuf_copyto
                0x000000000000a7c4       0x52 contiki-sky.a(packetbuf.o)
                0x000000000000a7c4                packetbuf_copyto
 .text.packetbuf_hdr_remove
                0x000000000000a816        0x6 contiki-sky.a(packetbuf.o)
                0x000000000000a816                packetbuf_hdr_remove
 .text.packetbuf_hdrreduce
                0x000000000000a81c       0x1a contiki-sky.a(packetbuf.o)
                0x000000000000a81c                packetbuf_hdrreduce
 .text.packetbuf_set_datalen
                0x000000000000a836        0x6 contiki-sky.a(packetbuf.o)
                0x000000000000a836                packetbuf_set_datalen
 .text.packetbuf_dataptr
                0x000000000000a83c        0xe contiki-sky.a(packetbuf.o)
                0x000000000000a83c                packetbuf_dataptr
 .text.packetbuf_hdrptr
                0x000000000000a84a        0xa contiki-sky.a(packetbuf.o)
                0x000000000000a84a                packetbuf_hdrptr
 .text.packetbuf_is_reference
                0x000000000000a854        0xe contiki-sky.a(packetbuf.o)
                0x000000000000a854                packetbuf_is_reference
 .text.packetbuf_compact
                0x000000000000a862       0x48 contiki-sky.a(packetbuf.o)
                0x000000000000a862                packetbuf_compact
 .text.packetbuf_reference_ptr
                0x000000000000a8aa        0x6 contiki-sky.a(packetbuf.o)
                0x000000000000a8aa                packetbuf_reference_ptr
 .text.packetbuf_datalen
                0x000000000000a8b0        0x6 contiki-sky.a(packetbuf.o)
                0x000000000000a8b0                packetbuf_datalen
 .text.packetbuf_totlen
                0x000000000000a8b6       0x10 contiki-sky.a(packetbuf.o)
                0x000000000000a8b6                packetbuf_totlen
 .text.packetbuf_hdralloc
                0x000000000000a8c6       0x2e contiki-sky.a(packetbuf.o)
                0x000000000000a8c6                packetbuf_hdralloc
 .text.packetbuf_attr_clear
                0x000000000000a8f4       0x30 contiki-sky.a(packetbuf.o)
                0x000000000000a8f4                packetbuf_attr_clear
 .text.packetbuf_clear
                0x000000000000a924       0x1a contiki-sky.a(packetbuf.o)
                0x000000000000a924                packetbuf_clear
 .text.packetbuf_copyfrom
                0x000000000000a93e       0x2e contiki-sky.a(packetbuf.o)
                0x000000000000a93e                packetbuf_copyfrom
 .text.packetbuf_attr_copyto
                0x000000000000a96c       0x22 contiki-sky.a(packetbuf.o)
                0x000000000000a96c                packetbuf_attr_copyto
 .text.packetbuf_attr_copyfrom
                0x000000000000a98e       0x24 contiki-sky.a(packetbuf.o)
                0x000000000000a98e                packetbuf_attr_copyfrom
 .text.queuebuf_init
                0x000000000000a9b2       0x1a contiki-sky.a(queuebuf.o)
                0x000000000000a9b2                queuebuf_init
 .text.queuebuf_new_from_packetbuf
                0x000000000000a9cc       0x7e contiki-sky.a(queuebuf.o)
                0x000000000000a9cc                queuebuf_new_from_packetbuf
 .text.queuebuf_update_attr_from_packetbuf
                0x000000000000aa4a       0x12 contiki-sky.a(queuebuf.o)
                0x000000000000aa4a                queuebuf_update_attr_from_packetbuf
 .text.queuebuf_free
                0x000000000000aa5c       0x40 contiki-sky.a(queuebuf.o)
                0x000000000000aa5c                queuebuf_free
 .text.queuebuf_to_packetbuf
                0x000000000000aa9c       0x6e contiki-sky.a(queuebuf.o)
                0x000000000000aa9c                queuebuf_to_packetbuf
 .text.queuebuf_attr
                0x000000000000ab0a        0xe contiki-sky.a(queuebuf.o)
                0x000000000000ab0a                queuebuf_attr
 .text.start_periodic_tcp_timer
                0x000000000000ab18       0x16 contiki-sky.a(tcpip.o)
 .text.tcpip_output
                0x000000000000ab2e       0x10 contiki-sky.a(tcpip.o)
                0x000000000000ab2e                tcpip_output
 .text.tcpip_set_outputfunc
                0x000000000000ab3e        0x6 contiki-sky.a(tcpip.o)
                0x000000000000ab3e                tcpip_set_outputfunc
 .text.udp_new  0x000000000000ab44       0x1a contiki-sky.a(tcpip.o)
                0x000000000000ab44                udp_new
 .text.tcpip_input
                0x000000000000ab5e       0x16 contiki-sky.a(tcpip.o)
                0x000000000000ab5e                tcpip_input
 .text.tcpip_ipv6_output
                0x000000000000ab74       0xce contiki-sky.a(tcpip.o)
                0x000000000000ab74                tcpip_ipv6_output
 .text.process_thread_tcpip_process
                0x000000000000ac42      0x1d0 contiki-sky.a(tcpip.o)
 .text.tcpip_uipcall
                0x000000000000ae12       0x72 contiki-sky.a(tcpip.o)
                0x000000000000ae12                tcpip_uipcall
 .text.uip_debug_ipaddr_print
                0x000000000000ae84       0x7c contiki-sky.a(uip-debug.o)
                0x000000000000ae84                uip_debug_ipaddr_print
 .text.uip_udp_packet_send
                0x000000000000af00       0x2e contiki-sky.a(uip-udp-packet.)
                0x000000000000af00                uip_udp_packet_send
 .text.rpl_get_mode
                0x000000000000af2e        0x6 contiki-sky.a(rpl.o)
                0x000000000000af2e                rpl_get_mode
 .text.rpl_purge_routes
                0x000000000000af34       0x96 contiki-sky.a(rpl.o)
                0x000000000000af34                rpl_purge_routes
 .text.rpl_remove_routes
                0x000000000000afca       0x22 contiki-sky.a(rpl.o)
                0x000000000000afca                rpl_remove_routes
 .text.rpl_remove_routes_by_nexthop
                0x000000000000afec       0x46 contiki-sky.a(rpl.o)
                0x000000000000afec                rpl_remove_routes_by_nexthop
 .text.rpl_add_route
                0x000000000000b032       0x44 contiki-sky.a(rpl.o)
                0x000000000000b032                rpl_add_route
 .text.rpl_link_neighbor_callback
                0x000000000000b076       0x6a contiki-sky.a(rpl.o)
                0x000000000000b076                rpl_link_neighbor_callback
 .text.rpl_ipv6_neighbor_callback
                0x000000000000b0e0       0x1e contiki-sky.a(rpl.o)
                0x000000000000b0e0                rpl_ipv6_neighbor_callback
 .text.rpl_init
                0x000000000000b0fe       0x4a contiki-sky.a(rpl.o)
                0x000000000000b0fe                rpl_init
 .text.lollipop_greater_than
                0x000000000000b148       0x44 contiki-sky.a(rpl-dag.o)
 .text.acceptable_rank
                0x000000000000b18c       0x50 contiki-sky.a(rpl-dag.o)
 .text.find_parent_any_dag_any_instance
                0x000000000000b1dc       0x14 contiki-sky.a(rpl-dag.o)
 .text.rpl_set_preferred_parent
                0x000000000000b1f0       0x30 contiki-sky.a(rpl-dag.o)
 .text.set_ip_from_prefix
                0x000000000000b220       0x38 contiki-sky.a(rpl-dag.o)
 .text.check_prefix
                0x000000000000b258       0x80 contiki-sky.a(rpl-dag.o)
 .text.rpl_dag_init
                0x000000000000b2d8        0xe contiki-sky.a(rpl-dag.o)
                0x000000000000b2d8                rpl_dag_init
 .text.rpl_get_parent_ipaddr
                0x000000000000b2e6       0x10 contiki-sky.a(rpl-dag.o)
                0x000000000000b2e6                rpl_get_parent_ipaddr
 .text.rpl_set_prefix
                0x000000000000b2f6       0x8e contiki-sky.a(rpl-dag.o)
                0x000000000000b2f6                rpl_set_prefix
 .text.rpl_set_default_route
                0x000000000000b384       0x5a contiki-sky.a(rpl-dag.o)
                0x000000000000b384                rpl_set_default_route
 .text.rpl_alloc_instance
                0x000000000000b3de       0x2c contiki-sky.a(rpl-dag.o)
                0x000000000000b3de                rpl_alloc_instance
 .text.rpl_add_parent
                0x000000000000b40a       0x40 contiki-sky.a(rpl-dag.o)
                0x000000000000b40a                rpl_add_parent
 .text.rpl_find_parent
                0x000000000000b44a       0x1a contiki-sky.a(rpl-dag.o)
                0x000000000000b44a                rpl_find_parent
 .text.rpl_find_parent_any_dag
                0x000000000000b464       0x22 contiki-sky.a(rpl-dag.o)
                0x000000000000b464                rpl_find_parent_any_dag
 .text.rpl_select_parent
                0x000000000000b486       0x62 contiki-sky.a(rpl-dag.o)
                0x000000000000b486                rpl_select_parent
 .text.rpl_select_dag
                0x000000000000b4e8      0x182 contiki-sky.a(rpl-dag.o)
                0x000000000000b4e8                rpl_select_dag
 .text.rpl_nullify_parent
                0x000000000000b66a       0x4e contiki-sky.a(rpl-dag.o)
                0x000000000000b66a                rpl_nullify_parent
 .text.rpl_remove_parent
                0x000000000000b6b8       0x16 contiki-sky.a(rpl-dag.o)
                0x000000000000b6b8                rpl_remove_parent
 .text.nbr_callback
                0x000000000000b6ce        0x6 contiki-sky.a(rpl-dag.o)
 .text.remove_parents.constprop.2
                0x000000000000b6d4       0x32 contiki-sky.a(rpl-dag.o)
 .text.rpl_free_dag
                0x000000000000b706       0x36 contiki-sky.a(rpl-dag.o)
                0x000000000000b706                rpl_free_dag
 .text.rpl_free_instance
                0x000000000000b73c       0x5c contiki-sky.a(rpl-dag.o)
                0x000000000000b73c                rpl_free_instance
 .text.rpl_move_parent
                0x000000000000b798       0x5a contiki-sky.a(rpl-dag.o)
                0x000000000000b798                rpl_move_parent
 .text.rpl_get_any_dag
                0x000000000000b7f2       0x18 contiki-sky.a(rpl-dag.o)
                0x000000000000b7f2                rpl_get_any_dag
 .text.rpl_get_instance
                0x000000000000b80a       0x1a contiki-sky.a(rpl-dag.o)
                0x000000000000b80a                rpl_get_instance
 .text.get_dag  0x000000000000b824       0x56 contiki-sky.a(rpl-dag.o)
 .text.rpl_alloc_dag
                0x000000000000b87a       0x66 contiki-sky.a(rpl-dag.o)
                0x000000000000b87a                rpl_alloc_dag
 .text.rpl_set_root
                0x000000000000b8e0       0xec contiki-sky.a(rpl-dag.o)
                0x000000000000b8e0                rpl_set_root
 .text.rpl_repair_root
                0x000000000000b9cc       0x50 contiki-sky.a(rpl-dag.o)
                0x000000000000b9cc                rpl_repair_root
 .text.rpl_find_of
                0x000000000000ba1c       0x10 contiki-sky.a(rpl-dag.o)
                0x000000000000ba1c                rpl_find_of
 .text.rpl_join_instance
                0x000000000000ba2c      0x13c contiki-sky.a(rpl-dag.o)
                0x000000000000ba2c                rpl_join_instance
 .text.rpl_local_repair
                0x000000000000bb68       0x7c contiki-sky.a(rpl-dag.o)
                0x000000000000bb68                rpl_local_repair
 .text.rpl_process_parent_event
                0x000000000000bbe4       0x4e contiki-sky.a(rpl-dag.o)
                0x000000000000bbe4                rpl_process_parent_event
 .text.rpl_recalculate_ranks
                0x000000000000bc32       0x48 contiki-sky.a(rpl-dag.o)
                0x000000000000bc32                rpl_recalculate_ranks
 .text.rpl_add_dag
                0x000000000000bc7a      0x112 contiki-sky.a(rpl-dag.o)
                0x000000000000bc7a                rpl_add_dag
 .text.rpl_process_dio
                0x000000000000bd8c      0x26e contiki-sky.a(rpl-dag.o)
                0x000000000000bd8c                rpl_process_dio
 .text.rpl_lock_parent
                0x000000000000bffa        0xc contiki-sky.a(rpl-dag.o)
                0x000000000000bffa                rpl_lock_parent
 .text.rpl_verify_header
                0x000000000000c006       0xd6 contiki-sky.a(rpl-ext-header.)
                0x000000000000c006                rpl_verify_header
 .text.rpl_update_header_empty
                0x000000000000c0dc      0x10a contiki-sky.a(rpl-ext-header.)
                0x000000000000c0dc                rpl_update_header_empty
 .text.rpl_update_header_final
                0x000000000000c1e6       0x94 contiki-sky.a(rpl-ext-header.)
                0x000000000000c1e6                rpl_update_header_final
 .text.rpl_invert_header
                0x000000000000c27a       0x7a contiki-sky.a(rpl-ext-header.)
                0x000000000000c27a                rpl_invert_header
 .text.rpl_insert_header
                0x000000000000c2f4       0x12 contiki-sky.a(rpl-ext-header.)
                0x000000000000c2f4                rpl_insert_header
 .text.get32    0x000000000000c306       0x46 contiki-sky.a(rpl-icmp6.o)
 .text.set32    0x000000000000c34c       0x2a contiki-sky.a(rpl-icmp6.o)
 .text.get16    0x000000000000c376        0xe contiki-sky.a(rpl-icmp6.o)
 .text.set16    0x000000000000c384       0x10 contiki-sky.a(rpl-icmp6.o)
 .text.dao_ack_input
                0x000000000000c394        0x6 contiki-sky.a(rpl-icmp6.o)
 .text.dio_input
                0x000000000000c39a      0x2d2 contiki-sky.a(rpl-icmp6.o)
 .text.dis_output
                0x000000000000c66c       0x50 contiki-sky.a(rpl-icmp6.o)
                0x000000000000c66c                dis_output
 .text.dio_output
                0x000000000000c6bc      0x264 contiki-sky.a(rpl-icmp6.o)
                0x000000000000c6bc                dio_output
 .text.dis_input
                0x000000000000c920       0x28 contiki-sky.a(rpl-icmp6.o)
 .text.dao_output_target
                0x000000000000c948       0xea contiki-sky.a(rpl-icmp6.o)
                0x000000000000c948                dao_output_target
 .text.dao_output
                0x000000000000ca32       0x80 contiki-sky.a(rpl-icmp6.o)
                0x000000000000ca32                dao_output
 .text.dao_ack_output
                0x000000000000cab2       0x32 contiki-sky.a(rpl-icmp6.o)
                0x000000000000cab2                dao_ack_output
 .text.dao_input
                0x000000000000cae4      0x2a4 contiki-sky.a(rpl-icmp6.o)
 .text.rpl_icmp6_register_handlers
                0x000000000000cd88       0x22 contiki-sky.a(rpl-icmp6.o)
                0x000000000000cd88                rpl_icmp6_register_handlers
 .text.reset    0x000000000000cdaa        0x2 contiki-sky.a(rpl-mrhof.o)
 .text.neighbor_link_callback
                0x000000000000cdac       0x94 contiki-sky.a(rpl-mrhof.o)
 .text.calculate_rank
                0x000000000000ce40       0x30 contiki-sky.a(rpl-mrhof.o)
 .text.best_parent
                0x000000000000ce70       0x52 contiki-sky.a(rpl-mrhof.o)
 .text.update_metric_container
                0x000000000000cec2        0x6 contiki-sky.a(rpl-mrhof.o)
 .text.best_dag
                0x000000000000cec8       0x34 contiki-sky.a(rpl-mrhof.o)
 .text.new_dio_interval
                0x000000000000cefc       0x92 contiki-sky.a(rpl-timers.o)
 .text.handle_periodic_timer
                0x000000000000cf8e       0x2e contiki-sky.a(rpl-timers.o)
 .text.set_dao_lifetime_timer
                0x000000000000cfbc       0x52 contiki-sky.a(rpl-timers.o)
 .text.schedule_dao
                0x000000000000d00e       0x82 contiki-sky.a(rpl-timers.o)
 .text.handle_dao_timer
                0x000000000000d090       0x64 contiki-sky.a(rpl-timers.o)
 .text.handle_dio_timer
                0x000000000000d0f4       0x82 contiki-sky.a(rpl-timers.o)
 .text.rpl_reset_periodic_timer
                0x000000000000d176       0x60 contiki-sky.a(rpl-timers.o)
                0x000000000000d176                rpl_reset_periodic_timer
 .text.rpl_reset_dio_timer
                0x000000000000d1d6       0x18 contiki-sky.a(rpl-timers.o)
                0x000000000000d1d6                rpl_reset_dio_timer
 .text.rpl_schedule_dao
                0x000000000000d1ee        0xc contiki-sky.a(rpl-timers.o)
                0x000000000000d1ee                rpl_schedule_dao
 .text.duty_cycle
                0x000000000000d1fa        0x6 contiki-sky.a(contikimac.o)
 .text.init     0x000000000000d200       0x2e contiki-sky.a(contikimac.o)
 .text.on       0x000000000000d22e       0x1a contiki-sky.a(contikimac.o)
 .text.off      0x000000000000d248       0x22 contiki-sky.a(contikimac.o)
 .text.recv_burst_off
                0x000000000000d26a        0xa contiki-sky.a(contikimac.o)
 .text.turn_off
                0x000000000000d274       0x20 contiki-sky.a(contikimac.o)
 .text.turn_on  0x000000000000d294       0x30 contiki-sky.a(contikimac.o)
 .text.schedule_powercycle_fixed.part.4
                0x000000000000d2c4       0x36 contiki-sky.a(contikimac.o)
 .text.powercycle_turn_radio_off
                0x000000000000d2fa       0x30 contiki-sky.a(contikimac.o)
 .text.powercycle
                0x000000000000d32a      0x1da contiki-sky.a(contikimac.o)
 .text.input_packet
                0x000000000000d504       0xa6 contiki-sky.a(contikimac.o)
 .text.send_packet
                0x000000000000d5aa      0x29c contiki-sky.a(contikimac.o)
 .text.qsend_packet
                0x000000000000d846       0x28 contiki-sky.a(contikimac.o)
 .text.qsend_list
                0x000000000000d86e       0x84 contiki-sky.a(contikimac.o)
 .text.spi_init
                0x000000000000d8f2       0x32 contiki-sky.a(spi.o)
                0x000000000000d8f2                spi_init
 .text.compower_accumulate
                0x000000000000d924       0x72 contiki-sky.a(compower.o)
                0x000000000000d924                compower_accumulate
 .text.compower_clear
                0x000000000000d996       0x12 contiki-sky.a(compower.o)
                0x000000000000d996                compower_clear
 .text.compower_attrconv
                0x000000000000d9a8       0x10 contiki-sky.a(compower.o)
                0x000000000000d9a8                compower_attrconv
 .text.stimer_set
                0x000000000000d9b8       0x1c contiki-sky.a(stimer.o)
                0x000000000000d9b8                stimer_set
 .text.stimer_expired
                0x000000000000d9d4       0x30 contiki-sky.a(stimer.o)
                0x000000000000d9d4                stimer_expired
 .text.memb_init
                0x000000000000da04       0x36 contiki-sky.a(memb.o)
                0x000000000000da04                memb_init
 .text.memb_alloc
                0x000000000000da3a       0x3e contiki-sky.a(memb.o)
                0x000000000000da3a                memb_alloc
 .text.memb_free
                0x000000000000da78       0x3a contiki-sky.a(memb.o)
                0x000000000000da78                memb_free
 .text.memb_inmemb
                0x000000000000dab2       0x2e contiki-sky.a(memb.o)
                0x000000000000dab2                memb_inmemb
 .text.field_len
                0x000000000000dae0       0x98 contiki-sky.a(frame802154.o)
 .text.frame802154_hdrlen
                0x000000000000db78       0x2e contiki-sky.a(frame802154.o)
                0x000000000000db78                frame802154_hdrlen
 .text.frame802154_create
                0x000000000000dba6      0x172 contiki-sky.a(frame802154.o)
                0x000000000000dba6                frame802154_create
 .text.frame802154_parse
                0x000000000000dd18      0x1e8 contiki-sky.a(frame802154.o)
                0x000000000000dd18                frame802154_parse
 .text.mac_sequence_is_duplicate
                0x000000000000df00       0x44 contiki-sky.a(mac-sequence.o)
                0x000000000000df00                mac_sequence_is_duplicate
 .text.mac_sequence_register_seqno
                0x000000000000df44       0x76 contiki-sky.a(mac-sequence.o)
                0x000000000000df44                mac_sequence_register_seqno
 .text.send_packet
                0x000000000000dfba       0x44 contiki-sky.a(phase.o)
 .text.phase_update
                0x000000000000dffe       0x90 contiki-sky.a(phase.o)
                0x000000000000dffe                phase_update
 .text.phase_wait
                0x000000000000e08e       0xf6 contiki-sky.a(phase.o)
                0x000000000000e08e                phase_wait
 .text.phase_init
                0x000000000000e184       0x14 contiki-sky.a(phase.o)
                0x000000000000e184                phase_init
 .text.libgcc   0x000000000000e198       0x2c /usr/lib/gcc/msp430/4.6.3/mmpy-16/libgcc.a(_mulsi3.o)
                0x000000000000e198                __mulsi3
 .text.libgcc   0x000000000000e1c4       0x22 /usr/lib/gcc/msp430/4.6.3/mmpy-16/libgcc.a(_udivmod16.o)
                0x000000000000e1c4                __udivhi3
                0x000000000000e1c4                __ext_udivmod16
                0x000000000000e1de                __umodhi3
 .text.libgcc   0x000000000000e1e6       0x3a /usr/lib/gcc/msp430/4.6.3/mmpy-16/libgcc.a(_divmod16.o)
                0x000000000000e1e6                __ext_divmod16
                0x000000000000e1e6                __divhi3
                0x000000000000e218                __modhi3
 .text.libgcc   0x000000000000e220       0x40 /usr/lib/gcc/msp430/4.6.3/mmpy-16/libgcc.a(_udivmod32.o)
                0x000000000000e220                __udivsi3
                0x000000000000e220                __ext_udivmod32
                0x000000000000e256                __umodsi3
 .text          0x000000000000e260       0x28 /usr/lib/gcc/msp430/4.6.3/../../../../msp430/lib/mmpy-16/libc.a(strncmp.o)
                0x000000000000e260                strncmp
 .text          0x000000000000e288       0x20 /usr/lib/gcc/msp430/4.6.3/../../../../msp430/lib/mmpy-16/libc.a(memcmp.o)
                0x000000000000e288                memcmp
 .text          0x000000000000e2a8       0xfa /usr/lib/gcc/msp430/4.6.3/../../../../msp430/lib/mmpy-16/libc.a(memcpy.o)
                0x000000000000e2a8                memcpy
 .text          0x000000000000e3a2       0xfa /usr/lib/gcc/msp430/4.6.3/../../../../msp430/lib/mmpy-16/libc.a(memmove.o)
                0x000000000000e3a2                memmove
 .text          0x000000000000e49c       0x38 /usr/lib/gcc/msp430/4.6.3/../../../../msp430/lib/mmpy-16/libc.a(strdup.o)
                0x000000000000e49c                strdup
 .text          0x000000000000e4d4       0x6a /usr/lib/gcc/msp430/4.6.3/../../../../msp430/lib/mmpy-16/libc.a(memset.o)
                0x000000000000e4d4                memset
 .text          0x000000000000e53e       0x6c /usr/lib/gcc/msp430/4.6.3/../../../../msp430/lib/mmpy-16/libc.a(strtok.o)
                0x000000000000e53e                strtok_r
                0x000000000000e5a0                strtok
 .text          0x000000000000e5aa      0x114 /usr/lib/gcc/msp430/4.6.3/../../../../msp430/lib/mmpy-16/libc.a(malloc.o)
                0x000000000000e5aa                malloc
                0x000000000000e6b6                free
 .text          0x000000000000e6be       0x8a /usr/lib/gcc/msp430/4.6.3/../../../../msp430/lib/mmpy-16/libc.a(atoi.o)
                0x000000000000e6be                atoi
 .text          0x000000000000e748       0x1e /usr/lib/gcc/msp430/4.6.3/../../../../msp430/lib/mmpy-16/libc.a(printf.o)
                0x000000000000e748                printf
                0x000000000000e758                vprintf
 .text          0x000000000000e766      0x836 /usr/lib/gcc/msp430/4.6.3/../../../../msp430/lib/mmpy-16/libc.a(vuprintf.o)
                0x000000000000e8fe                vuprintf
 .text          0x000000000000ef9c       0x2c /usr/lib/gcc/msp430/4.6.3/../../../../msp430/lib/mmpy-16/libc.a(puts.o)
                0x000000000000ef9c                puts
 .text          0x000000000000efc8       0x54 /usr/lib/gcc/msp430/4.6.3/../../../../msp430/lib/mmpy-16/libc.a(rand.o)
                0x000000000000efc8                rand_r
                0x000000000000efec                rand
                0x000000000000f012                srand
 .text.libgcc   0x000000000000f01c       0xf0 /usr/lib/gcc/msp430/4.6.3/mmpy-16/libgcc.a(_udivmod64.o)
                0x000000000000f01c                __xabi_udivmod64
                0x000000000000f07a                __udivdi3
                0x000000000000f0a0                __umoddi3
                0x000000000000f0ce                __udivmoddi4
 .text.crt0     0x000000000000f10c        0x2 /usr/lib/gcc/msp430/4.6.3/mmpy-16/libcrt0.a(_unexpected_.o)
                0x000000000000f10c                _unexpected_
                0x000000000000f10e                . = ALIGN (0x2)

.rodata         0x000000000000f10e      0x4e8
                0x000000000000f10e                . = ALIGN (0x2)
 *(.rodata .rodata.* .gnu.linkonce.r.*)
 .rodata        0x000000000000f10e      0x104 udp-sink.co
                0x000000000000f1fa                autostart_processes
 .rodata        0x000000000000f212       0x89 obj_sky/data.o
 .rodata        0x000000000000f29b       0xe4 obj_sky/sink_command.o
 .rodata        0x000000000000f37f      0x12b obj_sky/contiki-sky-main.o
 .rodata        0x000000000000f4aa       0x10 contiki-sky.a(button-sensor.o)
                0x000000000000f4b2                button_sensor
 .rodata        0x000000000000f4ba        0x8 contiki-sky.a(sensors.o)
 .rodata        0x000000000000f4c2       0x56 contiki-sky.a(cc2420.o)
                0x000000000000f4de                cc2420_driver
 .rodata        0x000000000000f518        0xf contiki-sky.a(ctimer.o)
 .rodata        0x000000000000f527        0xc contiki-sky.a(etimer.o)
 .rodata        0x000000000000f533        0xe contiki-sky.a(serial-line.o)
 *fill*         0x000000000000f541        0x1 00
 .rodata        0x000000000000f542       0x24 contiki-sky.a(sicslowpan.o)
                0x000000000000f54e                sicslowpan_driver
                0x000000000000f554                llprefix
                0x000000000000f556                unc_mxconf
                0x000000000000f55a                unc_ctxconf
                0x000000000000f55e                unc_llconf
 .rodata        0x000000000000f566       0x20 contiki-sky.a(uip6.o)
 .rodata        0x000000000000f586       0x14 contiki-sky.a(csma.o)
                0x000000000000f58c                csma_driver
 .rodata        0x000000000000f59a        0x6 contiki-sky.a(framer-802154.o)
                0x000000000000f59a                framer_802154
 .rodata        0x000000000000f5a0        0x8 contiki-sky.a(linkaddr.o)
                0x000000000000f5a0                linkaddr_null
 .rodata        0x000000000000f5a8        0xd contiki-sky.a(tcpip.o)
 .rodata        0x000000000000f5b5       0x1a contiki-sky.a(uip-debug.o)
 *fill*         0x000000000000f5cf        0x1 00
 .rodata        0x000000000000f5d0       0x1c contiki-sky.a(contikimac.o)
                0x000000000000f5dc                contikimac_driver
 .rodata        0x000000000000f5ec        0x2 contiki-sky.a(frame802154.o)
 .rodata        0x000000000000f5ee        0x7 /usr/lib/gcc/msp430/4.6.3/../../../../msp430/lib/mmpy-16/libc.a(vuprintf.o)
                0x000000000000f5f6                . = ALIGN (0x2)
 *fill*         0x000000000000f5f5        0x1 00
                0x000000000000f5f6                _etext = .

.data           0x0000000000001100       0xfe load address 0x000000000000f5f6
                0x0000000000001100                . = ALIGN (0x2)
                0x0000000000001100                PROVIDE (__data_start, .)
 *(.data .data.* .gnu.linkonce.d.*)
 .data          0x0000000000001100        0xa udp-sink.co
                0x0000000000001100                udp_server_process
 .data          0x000000000000110a        0x4 contiki-sky.a(contiki-sky-pla)
                0x000000000000110a                sensors
 .data          0x000000000000110e        0xa contiki-sky.a(sensors.o)
                0x000000000000110e                sensors_process
 .data          0x0000000000001118        0xa contiki-sky.a(cc2420.o)
                0x0000000000001118                cc2420_process
 .data          0x0000000000001122        0x2 contiki-sky.a(msp430.o)
 .data          0x0000000000001124        0xa contiki-sky.a(ctimer.o)
                0x0000000000001124                ctimer_process
 .data          0x000000000000112e        0xa contiki-sky.a(etimer.o)
                0x000000000000112e                etimer_process
 .data          0x0000000000001138        0xa contiki-sky.a(serial-line.o)
                0x0000000000001138                serial_line_process
 .data          0x0000000000001142        0xa contiki-sky.a(uip-ds6-nbr.o)
                0x0000000000001142                ds6_neighbors
 .data          0x000000000000114c       0x20 contiki-sky.a(uip-ds6-route.o)
 .data          0x000000000000116c        0xc contiki-sky.a(uip-icmp6.o)
 .data          0x0000000000001178       0x18 contiki-sky.a(csma.o)
 .data          0x0000000000001190        0x8 contiki-sky.a(nbr-table.o)
 .data          0x0000000000001198       0x18 contiki-sky.a(queuebuf.o)
 .data          0x00000000000011b0        0xa contiki-sky.a(tcpip.o)
                0x00000000000011b0                tcpip_process
 .data          0x00000000000011ba        0x8 contiki-sky.a(rpl-dag.o)
 .data          0x00000000000011c2       0x1a contiki-sky.a(rpl-icmp6.o)
 .data          0x00000000000011dc        0xe contiki-sky.a(rpl-mrhof.o)
                0x00000000000011dc                rpl_mrhof
 .data          0x00000000000011ea       0x10 contiki-sky.a(phase.o)
 .data          0x00000000000011fa        0x4 /usr/lib/gcc/msp430/4.6.3/../../../../msp430/lib/mmpy-16/libc.a(rand.o)
                0x00000000000011fe                . = ALIGN (0x2)
                0x00000000000011fe                _edata = .
                0x000000000000f5f6                PROVIDE (__data_load_start, LOADADDR (.data))
                0x00000000000000fe                PROVIDE (__data_size, SIZEOF (.data))

.bss            0x00000000000011fe     0x1d74 load address 0x000000000000f6f4
                0x00000000000011fe                PROVIDE (__bss_start, .)
 *(.bss .bss.*)
 .bss           0x00000000000011fe        0x4 udp-sink.co
 .bss           0x0000000000001202       0x12 obj_sky/multicast.o
 .bss           0x0000000000001214       0x12 obj_sky/sink_command.o
 .bss           0x0000000000001226        0xc obj_sky/contiki-sky-main.o
 .bss           0x0000000000001232        0x8 contiki-sky.a(button-sensor.o)
 .bss           0x000000000000123a        0x2 contiki-sky.a(node-id.o)
                0x000000000000123a                node_id
 .bss           0x000000000000123c        0x6 contiki-sky.a(sensors.o)
 .bss           0x0000000000001242        0x8 contiki-sky.a(cc2420.o)
 .bss           0x000000000000124a       0x9a contiki-sky.a(uart1.o)
 .bss           0x00000000000012e4        0xa contiki-sky.a(clock.o)
 .bss           0x00000000000012ee        0x1 contiki-sky.a(leds.o)
 *fill*         0x00000000000012ef        0x1 00
 .bss           0x00000000000012f0        0x2 contiki-sky.a(watchdog.o)
 .bss           0x00000000000012f2        0x4 contiki-sky.a(ctimer.o)
 .bss           0x00000000000012f6        0x6 contiki-sky.a(etimer.o)
 .bss           0x00000000000012fc       0x42 contiki-sky.a(process.o)
                0x00000000000012fc                process_current
                0x00000000000012fe                process_list
 .bss           0x000000000000133e        0x2 contiki-sky.a(rtimer.o)
 .bss           0x0000000000001340      0x10a contiki-sky.a(serial-line.o)
 .bss           0x000000000000144a      0x124 contiki-sky.a(sicslowpan.o)
 .bss           0x000000000000156e       0x12 contiki-sky.a(uip6.o)
                0x000000000000156e                uip_ext_opt_offset
                0x0000000000001570                uip_ext_len
                0x0000000000001572                uip_ext_bitmap
 .bss           0x0000000000001580       0x18 contiki-sky.a(uip-ds6.o)
 .bss           0x0000000000001598      0x2d0 contiki-sky.a(uip-ds6-nbr.o)
 .bss           0x0000000000001868      0x362 contiki-sky.a(uip-ds6-route.o)
 .bss           0x0000000000001bca       0x14 contiki-sky.a(uip-icmp6.o)
 .bss           0x0000000000001bde       0xc4 contiki-sky.a(csma.o)
 .bss           0x0000000000001ca2        0x2 contiki-sky.a(framer-802154.o)
 .bss           0x0000000000001ca4      0x118 contiki-sky.a(nbr-table.o)
 .bss           0x0000000000001dbc       0xba contiki-sky.a(packetbuf.o)
 .bss           0x0000000000001e76      0x71e contiki-sky.a(queuebuf.o)
 .bss           0x0000000000002594       0x36 contiki-sky.a(tcpip.o)
 .bss           0x00000000000025ca        0x2 contiki-sky.a(rpl.o)
 .bss           0x00000000000025cc       0xc8 contiki-sky.a(rpl-dag.o)
 .bss           0x0000000000002694       0x18 contiki-sky.a(rpl-timers.o)
 .bss           0x00000000000026ac       0x34 contiki-sky.a(contikimac.o)
 .bss           0x00000000000026e0        0x8 contiki-sky.a(compower.o)
 .bss           0x00000000000026e8       0xa0 contiki-sky.a(mac-sequence.o)
 .bss           0x0000000000002788      0x1d8 contiki-sky.a(phase.o)
 .bss           0x0000000000002960        0x2 /usr/lib/gcc/msp430/4.6.3/../../../../msp430/lib/mmpy-16/libc.a(strtok.o)
 .bss           0x0000000000002962        0x1 /usr/lib/gcc/msp430/4.6.3/../../../../msp430/lib/mmpy-16/libc.a(malloc.o)
 *(COMMON)
 *fill*         0x0000000000002963        0x1 00
 COMMON         0x0000000000002964        0x2 contiki-sky.a(contiki-sky-pla)
                0x0000000000002964                sensors_flags
 COMMON         0x0000000000002966        0x8 contiki-sky.a(ds2411.o)
                0x0000000000002966                ds2411_id
 COMMON         0x000000000000296e        0x1 contiki-sky.a(sensors.o)
                0x000000000000296e                sensors_event
 *fill*         0x000000000000296f        0x1 00
 COMMON         0x0000000000002970       0x14 contiki-sky.a(cc2420.o)
                0x0000000000002970                cc2420_last_rssi
                0x0000000000002972                cc2420_packets_read
                0x0000000000002974                cc2420_packets_seen
                0x0000000000002976                cc2420_sfd_start_time
                0x0000000000002978                cc2420_time_of_departure
                0x000000000000297a                cc2420_time_of_arrival
                0x000000000000297c                cc2420_last_correlation
                0x000000000000297e                cc2420_authority_level_of_sender
                0x0000000000002980                cc2420_sfd_counter
                0x0000000000002982                cc2420_sfd_end_time
 COMMON         0x0000000000002984        0x2 contiki-sky.a(msp430.o)
                0x0000000000002984                msp430_dco_required
 COMMON         0x0000000000002986       0x56 contiki-sky.a(energest.o)
                0x0000000000002986                energest_total_time
                0x00000000000029b6                energest_total_count
                0x00000000000029b8                energest_current_mode
                0x00000000000029c4                energest_current_time
 COMMON         0x00000000000029dc        0x1 contiki-sky.a(process.o)
                0x00000000000029dc                process_maxevents
 COMMON         0x00000000000029dd        0x1 contiki-sky.a(serial-line.o)
                0x00000000000029dd                serial_line_event_message
 COMMON         0x00000000000029de        0x8 contiki-sky.a(sicslowpan.o)
                0x00000000000029de                frag_sender
 COMMON         0x00000000000029e6      0x304 contiki-sky.a(uip6.o)
                0x00000000000029e6                uip_len
                0x00000000000029e8                uip_sappdata
                0x00000000000029ea                uip_acc32
                0x00000000000029ee                uip_lladdr
                0x00000000000029f6                uip_aligned_buf
                0x0000000000002ae6                uip_flags
                0x0000000000002ae8                uip_next_hdr
                0x0000000000002aea                uip_udp_conn
                0x0000000000002aec                uip_appdata
                0x0000000000002aee                uip_conn
                0x0000000000002af0                uip_conns
                0x0000000000002ba0                uip_listenports
                0x0000000000002bb0                uip_slen
                0x0000000000002bb2                uip_udp_conns
 COMMON         0x0000000000002cea      0x15c contiki-sky.a(uip-ds6.o)
                0x0000000000002cea                uip_ds6_timer_ra
                0x0000000000002cf2                uip_ds6_if
                0x0000000000002dde                uip_ds6_netif_addr_list_offset
                0x0000000000002ddf                uip_ds6_addr_size
                0x0000000000002de0                uip_ds6_prefix_list
                0x0000000000002e3a                uip_ds6_timer_periodic
 COMMON         0x0000000000002e46        0x8 contiki-sky.a(linkaddr.o)
                0x0000000000002e46                linkaddr_node_addr
 COMMON         0x0000000000002e4e       0x50 contiki-sky.a(packetbuf.o)
                0x0000000000002e4e                packetbuf_addrs
                0x0000000000002e6e                packetbuf_attrs
 COMMON         0x0000000000002e9e        0x1 contiki-sky.a(tcpip.o)
                0x0000000000002e9e                tcpip_event
 *fill*         0x0000000000002e9f        0x1 00
 COMMON         0x0000000000002ea0       0xca contiki-sky.a(rpl-dag.o)
                0x0000000000002ea0                default_instance
                0x0000000000002ea2                instance_table
 COMMON         0x0000000000002f6a        0x8 contiki-sky.a(compower.o)
                0x0000000000002f6a                compower_idle_activity
                0x0000000000002f72                . = ALIGN (0x2)
                0x0000000000002f72                PROVIDE (__bss_end, .)
                0x0000000000001d74                PROVIDE (__bss_size, SIZEOF (.bss))

.noinit         0x0000000000002f72        0x2 load address 0x000000000000f6f4
                0x0000000000002f72                PROVIDE (__noinit_start, .)
 *(.noinit .noinit.*)
 .noinit.crt0   0x0000000000002f72        0x2 /usr/lib/gcc/msp430/4.6.3/mmpy-16/libcrt0.a(__watchdog_support.o)
                0x0000000000002f72                __wdt_clear_value
                0x0000000000002f74                . = ALIGN (0x2)
                0x0000000000002f74                PROVIDE (__noinit_end, .)
                0x0000000000002f74                . = ALIGN (0x2)
                0x0000000000002f74                _end = .

.infomem        0x0000000000001000        0x0
 *(.infomem)
                0x0000000000001000                . = ALIGN (0x2)
 *(.infomem.*)

.infomemnobits  0x0000000000001000        0x0
 *(.infomemnobits)
                0x0000000000001000                . = ALIGN (0x2)
 *(.infomemnobits.*)

.infoa
 *(.infoa .infoa.*)

.infob
 *(.infob .infob.*)

.infoc
 *(.infoc .infoc.*)

.infod
 *(.infod .infod.*)

.vectors        0x000000000000ffe0       0x20
                0x000000000000ffe0                PROVIDE (__vectors_start, .)
 *(.vectors*)
 .vectors       0x000000000000ffe0       0x20 /usr/lib/gcc/msp430/4.6.3/mmpy-16/crt0ivtbl16.o
                0x000000000000ffe0                __ivtbl_16
                0x0000000000010000                _vectors_end = .

.fartext        0x0000000000000000        0x0
                0x0000000000000000                . = ALIGN (0x2)
 *(.fartext)
                0x0000000000000000                . = ALIGN (0x2)
 *(.fartext.*)
                0x0000000000000000                _efartext = .

.profiler
 *(.profiler)

.stab
 *(.stab)

.stabstr
 *(.stabstr)

.stab.excl
 *(.stab.excl)

.stab.exclstr
 *(.stab.exclstr)

.stab.index
 *(.stab.index)

.stab.indexstr
 *(.stab.indexstr)

.comment
 *(.comment)

.debug
 *(.debug)

.line
 *(.line)

.debug_srcinfo
 *(.debug_srcinfo)

.debug_sfnames
 *(.debug_sfnames)

.debug_aranges  0x0000000000000000      0x1f4
 *(.debug_aranges)
 .debug_aranges
                0x0000000000000000       0x14 /usr/lib/gcc/msp430/4.6.3/mmpy-16/libgcc.a(_mulsi3.o)
 .debug_aranges
                0x0000000000000014       0x14 /usr/lib/gcc/msp430/4.6.3/mmpy-16/libgcc.a(_udivmod16.o)
 .debug_aranges
                0x0000000000000028       0x14 /usr/lib/gcc/msp430/4.6.3/mmpy-16/libgcc.a(_divmod16.o)
 .debug_aranges
                0x000000000000003c       0x14 /usr/lib/gcc/msp430/4.6.3/mmpy-16/libgcc.a(_udivmod32.o)
 .debug_aranges
                0x0000000000000050       0x14 /usr/lib/gcc/msp430/4.6.3/mmpy-16/libgcc.a(_divmod32.o)
 .debug_aranges
                0x0000000000000064       0x14 /usr/lib/gcc/msp430/4.6.3/../../../../msp430/lib/mmpy-16/libc.a(strncmp.o)
 .debug_aranges
                0x0000000000000078       0x14 /usr/lib/gcc/msp430/4.6.3/../../../../msp430/lib/mmpy-16/libc.a(memcmp.o)
 .debug_aranges
                0x000000000000008c       0x14 /usr/lib/gcc/msp430/4.6.3/../../../../msp430/lib/mmpy-16/libc.a(memcpy.o)
 .debug_aranges
                0x00000000000000a0       0x14 /usr/lib/gcc/msp430/4.6.3/../../../../msp430/lib/mmpy-16/libc.a(memmove.o)
 .debug_aranges
                0x00000000000000b4       0x14 /usr/lib/gcc/msp430/4.6.3/../../../../msp430/lib/mmpy-16/libc.a(strdup.o)
 .debug_aranges
                0x00000000000000c8       0x14 /usr/lib/gcc/msp430/4.6.3/../../../../msp430/lib/mmpy-16/libc.a(memset.o)
 .debug_aranges
                0x00000000000000dc       0x14 /usr/lib/gcc/msp430/4.6.3/../../../../msp430/lib/mmpy-16/libc.a(strtok.o)
 .debug_aranges
                0x00000000000000f0       0x14 /usr/lib/gcc/msp430/4.6.3/../../../../msp430/lib/mmpy-16/libc.a(malloc.o)
 .debug_aranges
                0x0000000000000104       0x14 /usr/lib/gcc/msp430/4.6.3/../../../../msp430/lib/mmpy-16/libc.a(atoi.o)
 .debug_aranges
                0x0000000000000118       0x14 /usr/lib/gcc/msp430/4.6.3/../../../../msp430/lib/mmpy-16/libc.a(printf.o)
 .debug_aranges
                0x000000000000012c       0x14 /usr/lib/gcc/msp430/4.6.3/../../../../msp430/lib/mmpy-16/libc.a(vuprintf.o)
 .debug_aranges
                0x0000000000000140       0x14 /usr/lib/gcc/msp430/4.6.3/../../../../msp430/lib/mmpy-16/libc.a(puts.o)
 .debug_aranges
                0x0000000000000154       0x14 /usr/lib/gcc/msp430/4.6.3/../../../../msp430/lib/mmpy-16/libc.a(rand.o)
 .debug_aranges
                0x0000000000000168       0x14 /usr/lib/gcc/msp430/4.6.3/mmpy-16/libgcc.a(_udivmod64.o)
 .debug_aranges
                0x000000000000017c       0x14 /usr/lib/gcc/msp430/4.6.3/mmpy-16/libcrt0.a(__watchdog_support.o)
 .debug_aranges
                0x0000000000000190       0x14 /usr/lib/gcc/msp430/4.6.3/mmpy-16/libcrt0.a(__init_stack.o)
 .debug_aranges
                0x00000000000001a4       0x14 /usr/lib/gcc/msp430/4.6.3/mmpy-16/libcrt0.a(_copy_data.o)
 .debug_aranges
                0x00000000000001b8       0x14 /usr/lib/gcc/msp430/4.6.3/mmpy-16/libcrt0.a(_clear_bss.o)
 .debug_aranges