Archive member included because of file (symbol)

contiki-sky.a(serial-shell.o)
                              collect-view-shell.co (serial_shell_init)
contiki-sky.a(shell.o)        contiki-sky.a(serial-shell.o) (shell_input)
contiki-sky.a(shell-reboot.o)
                              collect-view-shell.co (shell_reboot_init)
contiki-sky.a(shell-rime.o)   collect-view-shell.co (shell_rime_init)
contiki-sky.a(shell-blink.o)  collect-view-shell.co (shell_blink_init)
contiki-sky.a(shell-text.o)   collect-view-shell.co (shell_text_init)
contiki-sky.a(shell-time.o)   collect-view-shell.co (shell_time_init)
contiki-sky.a(shell-rime-netc)
                              collect-view-shell.co (shell_rime_netcmd_init)
contiki-sky.a(shell-powertrac)
                              collect-view-shell.co (shell_powertrace_init)
contiki-sky.a(shell-collect-v)
                              collect-view-shell.co (shell_collect_view_init)
contiki-sky.a(shell-sky.o)    collect-view-shell.co (shell_sky_init)
contiki-sky.a(contiki-sky-pla)
                              obj_sky/contiki-sky-main.o (init_platform)
contiki-sky.a(sht11-sensor.o)
                              contiki-sky.a(shell-sky.o) (sht11_sensor)
contiki-sky.a(light-sensor.o)
                              contiki-sky.a(shell-sky.o) (light_sensor)
contiki-sky.a(battery-sensor.)
                              contiki-sky.a(shell-sky.o) (battery_sensor)
contiki-sky.a(button-sensor.o)
                              contiki-sky.a(contiki-sky-pla) (button_sensor)
contiki-sky.a(ds2411.o)       obj_sky/contiki-sky-main.o (ds2411_init)
contiki-sky.a(xmem.o)         obj_sky/contiki-sky-main.o (xmem_init)
contiki-sky.a(node-id.o)      obj_sky/contiki-sky-main.o (node_id_restore)
contiki-sky.a(sensors.o)      contiki-sky.a(button-sensor.o) (sensors_changed)
contiki-sky.a(cc2420.o)       contiki-sky.a(shell-sky.o) (cc2420_on)
contiki-sky.a(cc2420-arch.o)  contiki-sky.a(cc2420.o) (cc2420_arch_init)
contiki-sky.a(sky-sensors.o)  contiki-sky.a(light-sensor.o) (sky_sensors_status)
contiki-sky.a(uart1.o)        obj_sky/contiki-sky-main.o (uart1_active)
contiki-sky.a(uart1-putchar.o)
                              obj_sky/contiki-sky-main.o (putchar)
contiki-sky.a(crc16.o)        contiki-sky.a(shell-rime.o) (crc16_data)
contiki-sky.a(msp430.o)       contiki-sky.a(uart1.o) (msp430_add_lpm_req)
contiki-sky.a(clock.o)        contiki-sky.a(shell-time.o) (clock_time)
contiki-sky.a(leds.o)         obj_sky/contiki-sky-main.o (leds_init)
contiki-sky.a(leds-arch.o)    contiki-sky.a(leds.o) (leds_arch_init)
contiki-sky.a(watchdog.o)     obj_sky/contiki-sky-main.o (watchdog_start)
contiki-sky.a(rtimer-arch.o)  obj_sky/contiki-sky-main.o (rtimer_arch_now)
contiki-sky.a(autostart.o)    obj_sky/contiki-sky-main.o (autostart_start)
contiki-sky.a(ctimer.o)       obj_sky/contiki-sky-main.o (ctimer_init)
contiki-sky.a(energest.o)     obj_sky/contiki-sky-main.o (energest_init)
contiki-sky.a(etimer.o)       contiki-sky.a(clock.o) (etimer_request_poll)
contiki-sky.a(process.o)      contiki-sky.a(shell.o) (process_current)
contiki-sky.a(rtimer.o)       obj_sky/contiki-sky-main.o (rtimer_init)
contiki-sky.a(timer.o)        obj_sky/contiki-sky-main.o (timer_set)
contiki-sky.a(serial-line.o)  contiki-sky.a(serial-shell.o) (serial_line_event_message)
contiki-sky.a(list.o)         contiki-sky.a(shell.o) (list_init)
contiki-sky.a(random.o)       obj_sky/contiki-sky-main.o (random_init)
contiki-sky.a(ringbuf.o)      contiki-sky.a(serial-line.o) (ringbuf_init)
contiki-sky.a(broadcast-annou)
                              contiki-sky.a(shell-collect-v) (broadcast_announcement_beacon_interval)
contiki-sky.a(broadcast.o)    contiki-sky.a(broadcast-annou) (broadcast_open)
contiki-sky.a(channel.o)      contiki-sky.a(broadcast.o) (channel_set_attributes)
contiki-sky.a(collect.o)      contiki-sky.a(shell-rime.o) (collect_open)
contiki-sky.a(collect-link-es)
                              contiki-sky.a(collect.o) (collect_link_estimate_num_estimates)
contiki-sky.a(collect-neighbo)
                              contiki-sky.a(collect.o) (collect_neighbor_init)
contiki-sky.a(rime.o)         obj_sky/contiki-sky-main.o (rime_driver)
contiki-sky.a(route.o)        contiki-sky.a(shell-rime.o) (route_num)
contiki-sky.a(trickle.o)      contiki-sky.a(shell-rime-netc) (trickle_open)
contiki-sky.a(unicast.o)      contiki-sky.a(collect.o) (unicast_open)
contiki-sky.a(csma.o)         obj_sky/contiki-sky-main.o (csma_driver)
contiki-sky.a(mac.o)          contiki-sky.a(csma.o) (mac_call_sent_callback)
contiki-sky.a(linkaddr.o)     obj_sky/contiki-sky-main.o (linkaddr_copy)
contiki-sky.a(packetbuf.o)    contiki-sky.a(collect.o) (packetbuf_hdrreduce)
contiki-sky.a(packetqueue.o)  contiki-sky.a(collect.o) (packetqueue_enqueue_packetbuf)
contiki-sky.a(queuebuf.o)     contiki-sky.a(rime.o) (queuebuf_init)
contiki-sky.a(contikimac.o)   obj_sky/contiki-sky-main.o (contikimac_driver)
[...]
Memory Configuration

Name             Origin             Length             Attributes
sfr              0x0000000000000000 0x0000000000000010
peripheral_8bit  0x0000000000000010 0x00000000000000f0
peripheral_16bit 0x0000000000000100 0x0000000000000100
ram_mirror       0x0000000000000200 0x0000000000000800 xw
infomem          0x0000000000001000 0x0000000000000100
infob            0x0000000000001000 0x0000000000000080
infoa            0x0000000000001080 0x0000000000000080
ram              0x0000000000001100 0x0000000000002800 xw
rom              0x0000000000004000 0x000000000000bfe0 xr
vectors          0x000000000000ffe0 0x0000000000000020
bsl              0x0000000000000000 0x0000000000000000
infoc            0x0000000000000000 0x0000000000000000
infod            0x0000000000000000 0x0000000000000000
ram2             0x0000000000000000 0x0000000000000000 xw
usbram           0x0000000000000000 0x0000000000000000 xw
far_rom          0x0000000000000000 0x0000000000000000
*default*        0x0000000000000000 0xffffffffffffffff

Linker script and memory map

LOAD /usr/lib/gcc/msp430/4.6.3/mmpy-16/crt0ivtbl16.o
LOAD collect-view-shell.co
LOAD obj_sky/contiki-sky-main.o
LOAD contiki-sky.a
LOAD /usr/lib/gcc/msp430/4.6.3/mmpy-16/libgcc.a
LOAD /usr/lib/gcc/msp430/4.6.3/../../../../msp430/lib/mmpy-16/libc.a
LOAD /usr/lib/gcc/msp430/4.6.3/mmpy-16/libgcc.a
LOAD /usr/lib/gcc/msp430/4.6.3/mmpy-16/libcrt0.a
                0x0000000000000080                PROVIDE (__info_segment_size, 0x80)
                0x0000000000001000                PROVIDE (__infob, 0x1000)
                0x0000000000001080                PROVIDE (__infoa, 0x1080)
                0x0000000000000000                __IE1 = 0x0
                0x0000000000000002                __IFG1 = 0x2
                0x0000000000000004                __ME1 = 0x4
                0x0000000000000001                __IE2 = 0x1
                0x0000000000000003                __IFG2 = 0x3
                0x0000000000000005                __ME2 = 0x5
                0x0000000000000120                __WDTCTL = 0x120
                0x0000000000000130                __MPY = 0x130
                0x0000000000000132                __MPYS = 0x132
                0x0000000000000134                __MAC = 0x134
                0x0000000000000136                __MACS = 0x136
                0x0000000000000138                __OP2 = 0x138
                0x000000000000013a                __RESLO = 0x13a
                0x000000000000013c                __RESHI = 0x13c
                0x000000000000013e                __SUMEXT = 0x13e
                0x0000000000000020                __P1IN = 0x20
                0x0000000000000021                __P1OUT = 0x21
                0x0000000000000022                __P1DIR = 0x22
                0x0000000000000023                __P1IFG = 0x23
                0x0000000000000024                __P1IES = 0x24
                0x0000000000000025                __P1IE = 0x25
                0x0000000000000026                __P1SEL = 0x26
                0x0000000000000028                __P2IN = 0x28
                0x0000000000000029                __P2OUT = 0x29
                0x000000000000002a                __P2DIR = 0x2a
                0x000000000000002b                __P2IFG = 0x2b
                0x000000000000002c                __P2IES = 0x2c
                0x000000000000002d                __P2IE = 0x2d
                0x000000000000002e                __P2SEL = 0x2e
                0x0000000000000018                __P3IN = 0x18
                0x0000000000000019                __P3OUT = 0x19
                0x000000000000001a                __P3DIR = 0x1a
                0x000000000000001b                __P3SEL = 0x1b
                0x000000000000001c                __P4IN = 0x1c
                0x000000000000001d                __P4OUT = 0x1d
                0x000000000000001e                __P4DIR = 0x1e
                0x000000000000001f                __P4SEL = 0x1f
                0x0000000000000030                __P5IN = 0x30
                0x0000000000000031                __P5OUT = 0x31
                0x0000000000000032                __P5DIR = 0x32
                0x0000000000000033                __P5SEL = 0x33
                0x0000000000000034                __P6IN = 0x34
                0x0000000000000035                __P6OUT = 0x35
                0x0000000000000036                __P6DIR = 0x36
                0x0000000000000037                __P6SEL = 0x37
                0x0000000000000070                __U0CTL = 0x70
                0x0000000000000071                __U0TCTL = 0x71
                0x0000000000000072                __U0RCTL = 0x72
                0x0000000000000073                __U0MCTL = 0x73
                0x0000000000000074                __U0BR0 = 0x74
                0x0000000000000075                __U0BR1 = 0x75
                0x0000000000000076                __U0RXBUF = 0x76
                0x0000000000000077                __U0TXBUF = 0x77
                0x0000000000000078                __U1CTL = 0x78
                0x0000000000000079                __U1TCTL = 0x79
                0x000000000000007a                __U1RCTL = 0x7a
                0x000000000000007b                __U1MCTL = 0x7b
                0x000000000000007c                __U1BR0 = 0x7c
                0x000000000000007d                __U1BR1 = 0x7d
                0x000000000000007e                __U1RXBUF = 0x7e
                0x000000000000007f                __U1TXBUF = 0x7f
                0x0000000000000050                __I2CIE = 0x50
                0x0000000000000051                __I2CIFG = 0x51
                0x0000000000000052                __I2CNDAT = 0x52
                0x0000000000000071                __I2CTCTL = 0x71
                0x0000000000000072                __I2CDCTL = 0x72
                0x0000000000000073                __I2CPSC = 0x73
                0x0000000000000074                __I2CSCLH = 0x74
                0x0000000000000075                __I2CSCLL = 0x75
                0x0000000000000076                __I2CDRB = 0x76
                0x0000000000000076                __I2CDRW = 0x76
                0x0000000000000118                __I2COA = 0x118
                0x000000000000011a                __I2CSA = 0x11a
                0x000000000000011c                __I2CIV = 0x11c
                0x000000000000012e                __TAIV = 0x12e
                0x0000000000000160                __TACTL = 0x160
                0x0000000000000162                __TACCTL0 = 0x162
                0x0000000000000164                __TACCTL1 = 0x164
                0x0000000000000166                __TACCTL2 = 0x166
                0x0000000000000170                __TAR = 0x170
                0x0000000000000172                __TACCR0 = 0x172
                0x0000000000000174                __TACCR1 = 0x174
                0x0000000000000176                __TACCR2 = 0x176
                0x000000000000011e                __TBIV = 0x11e
                0x0000000000000180                __TBCTL = 0x180
                0x0000000000000182                __TBCCTL0 = 0x182
                0x0000000000000184                __TBCCTL1 = 0x184
                0x0000000000000186                __TBCCTL2 = 0x186
                0x0000000000000188                __TBCCTL3 = 0x188
                0x000000000000018a                __TBCCTL4 = 0x18a
                0x000000000000018c                __TBCCTL5 = 0x18c
                0x000000000000018e                __TBCCTL6 = 0x18e
                0x0000000000000190                __TBR = 0x190
                0x0000000000000192                __TBCCR0 = 0x192
                0x0000000000000194                __TBCCR1 = 0x194
                0x0000000000000196                __TBCCR2 = 0x196
                0x0000000000000198                __TBCCR3 = 0x198
                0x000000000000019a                __TBCCR4 = 0x19a
                0x000000000000019c                __TBCCR5 = 0x19c
                0x000000000000019e                __TBCCR6 = 0x19e
                0x0000000000000056                __DCOCTL = 0x56
                0x0000000000000057                __BCSCTL1 = 0x57
                0x0000000000000058                __BCSCTL2 = 0x58
                0x0000000000000055                __SVSCTL = 0x55
                0x0000000000000128                __FCTL1 = 0x128
                0x000000000000012a                __FCTL2 = 0x12a
                0x000000000000012c                __FCTL3 = 0x12c
                0x0000000000000059                __CACTL1 = 0x59
                0x000000000000005a                __CACTL2 = 0x5a
                0x000000000000005b                __CAPD = 0x5b
                0x00000000000001a0                __ADC12CTL0 = 0x1a0
                0x00000000000001a2                __ADC12CTL1 = 0x1a2
                0x00000000000001a4                __ADC12IFG = 0x1a4
                0x00000000000001a6                __ADC12IE = 0x1a6
                0x00000000000001a8                __ADC12IV = 0x1a8
                0x0000000000000140                __ADC12MEM0 = 0x140
                0x0000000000000142                __ADC12MEM1 = 0x142
                0x0000000000000144                __ADC12MEM2 = 0x144
                0x0000000000000146                __ADC12MEM3 = 0x146
                0x0000000000000148                __ADC12MEM4 = 0x148
                0x000000000000014a                __ADC12MEM5 = 0x14a
                0x000000000000014c                __ADC12MEM6 = 0x14c
                0x000000000000014e                __ADC12MEM7 = 0x14e
                0x0000000000000150                __ADC12MEM8 = 0x150
                0x0000000000000152                __ADC12MEM9 = 0x152
                0x0000000000000154                __ADC12MEM10 = 0x154
                0x0000000000000156                __ADC12MEM11 = 0x156
                0x0000000000000158                __ADC12MEM12 = 0x158
                0x000000000000015a                __ADC12MEM13 = 0x15a
                0x000000000000015c                __ADC12MEM14 = 0x15c
                0x000000000000015e                __ADC12MEM15 = 0x15e
                0x0000000000000080                __ADC12MCTL0 = 0x80
                0x0000000000000081                __ADC12MCTL1 = 0x81
                0x0000000000000082                __ADC12MCTL2 = 0x82
                0x0000000000000083                __ADC12MCTL3 = 0x83
                0x0000000000000084                __ADC12MCTL4 = 0x84
                0x0000000000000085                __ADC12MCTL5 = 0x85
                0x0000000000000086                __ADC12MCTL6 = 0x86
                0x0000000000000087                __ADC12MCTL7 = 0x87
                0x0000000000000088                __ADC12MCTL8 = 0x88
                0x0000000000000089                __ADC12MCTL9 = 0x89
                0x000000000000008a                __ADC12MCTL10 = 0x8a
                0x000000000000008b                __ADC12MCTL11 = 0x8b
                0x000000000000008c                __ADC12MCTL12 = 0x8c
                0x000000000000008d                __ADC12MCTL13 = 0x8d
                0x000000000000008e                __ADC12MCTL14 = 0x8e
                0x000000000000008f                __ADC12MCTL15 = 0x8f
                0x00000000000001c0                __DAC12_0CTL = 0x1c0
                0x00000000000001c2                __DAC12_1CTL = 0x1c2
                0x00000000000001c8                __DAC12_0DAT = 0x1c8
                0x00000000000001ca                __DAC12_1DAT = 0x1ca
                0x0000000000000122                __DMACTL0 = 0x122
                0x0000000000000124                __DMACTL1 = 0x124
                0x00000000000001e0                __DMA0CTL = 0x1e0
                0x00000000000001e8                __DMA1CTL = 0x1e8
                0x00000000000001f0                __DMA2CTL = 0x1f0
                0x00000000000001e2                __DMA0SA = 0x1e2
                0x00000000000001e4                __DMA0DA = 0x1e4
                0x00000000000001e6                __DMA0SZ = 0x1e6
                0x00000000000001ea                __DMA1SA = 0x1ea
                0x00000000000001ec                __DMA1DA = 0x1ec
                0x00000000000001ee                __DMA1SZ = 0x1ee
                0x00000000000001f2                __DMA2SA = 0x1f2
                0x00000000000001f4                __DMA2DA = 0x1f4
                0x00000000000001f6                __DMA2SZ = 0x1f6

.hash
 *(.hash)

.dynsym
 *(.dynsym)

.dynstr
 *(.dynstr)

.gnu.version
 *(.gnu.version)

.gnu.version_d
 *(.gnu.version_d)

.gnu.version_r
 *(.gnu.version_r)

.rel.init
 *(.rel.init)

.rela.init
 *(.rela.init)

.rel.fini
 *(.rel.fini)

.rela.fini
 *(.rela.fini)

.rel.text
 *(.rel.text .rel.text.* .rel.gnu.linkonce.t.*)

.rela.text
 *(.rela.text .rela.text.* .rela.gnu.linkonce.t.*)

.rel.rodata
 *(.rel.rodata .rel.rodata.* .rel.gnu.linkonce.r.*)

.rela.rodata
 *(.rela.rodata .rela.rodata.* .rela.gnu.linkonce.r.*)

.rel.data
 *(.rel.data .rel.data.* .rel.gnu.linkonce.d.*)

.rela.data
 *(.rela.data .rela.data.* .rela.gnu.linkonce.d.*)

.rel.bss
 *(.rel.bss .rel.bss.* .rel.gnu.linkonce.b.*)

.rela.bss
 *(.rela.bss .rela.bss.* .rela.gnu.linkonce.b.*)

.rel.ctors
 *(.rel.ctors)

.rela.ctors
 *(.rela.ctors)

.rel.dtors
 *(.rel.dtors)

.rela.dtors
 *(.rela.dtors)

.rel.got
 *(.rel.got)

.rela.got
 *(.rela.got)

.rel.plt
 *(.rel.plt)

.rela.plt
 *(.rela.plt)

.text           0x0000000000004000     0x9d72
                0x0000000000004000                . = ALIGN (0x2)
 *(.init .init.*)
 *(.init0)
 .init0         0x0000000000004000        0x0 /usr/lib/gcc/msp430/4.6.3/mmpy-16/libcrt0.a(_reset_vector__.o)
                0x0000000000004000                _reset_vector__
 *(.init1)
 .init1         0x0000000000004000        0xc /usr/lib/gcc/msp430/4.6.3/mmpy-16/libcrt0.a(__watchdog_support.o)
                0x0000000000004000                __watchdog_support
 *(.init2)
 .init2         0x000000000000400c        0x4 /usr/lib/gcc/msp430/4.6.3/mmpy-16/libcrt0.a(__init_stack.o)
                0x000000000000400c                __init_stack
 *(.init3)
 .init3         0x0000000000004010        0x0 /usr/lib/gcc/msp430/4.6.3/mmpy-16/libcrt0.a(__low_level_init.o)
                0x0000000000004010                __low_level_init
 *(.init4)
 .init4         0x0000000000004010       0x18 /usr/lib/gcc/msp430/4.6.3/mmpy-16/libcrt0.a(_copy_data.o)
                0x0000000000004010                __do_copy_data
 .init4         0x0000000000004028       0x16 /usr/lib/gcc/msp430/4.6.3/mmpy-16/libcrt0.a(_clear_bss.o)
                0x0000000000004028                __do_clear_bss
 *(.init5)
 *(.init6)
 *(.init7)
 *(.init8)
 *(.init9)
 .init9         0x000000000000403e      0x2fa obj_sky/contiki-sky-main.o
                0x000000000000403e                main
 *(.fini9)
 .fini9         0x0000000000004338        0x0 /usr/lib/gcc/msp430/4.6.3/mmpy-16/libcrt0.a(__stop_progExec__.o)
                0x0000000000004338                __stop_progExec__
 *(.fini8)
 *(.fini7)
 *(.fini6)
 *(.fini5)
 *(.fini4)
 *(.fini3)
 *(.fini2)
 *(.fini1)
 *(.fini0)
 .fini0         0x0000000000004338        0x6 /usr/lib/gcc/msp430/4.6.3/mmpy-16/libcrt0.a(_endless_loop__.o)
                0x0000000000004338                _endless_loop__
 *(.fini .fini.*)
                0x000000000000433e                . = ALIGN (0x2)
                0x000000000000433e                __ctors_start = .
 *(.ctors)
                0x000000000000433e                __ctors_end = .
                0x000000000000433e                __dtors_start = .
 *(.dtors)
                0x000000000000433e                __dtors_end = .
                0x000000000000433e                . = ALIGN (0x2)
 *(.text .text.* .gnu.linkonce.t.*)
 .text          0x000000000000433e        0x4 /usr/lib/gcc/msp430/4.6.3/mmpy-16/crt0ivtbl16.o
                0x000000000000433e                __isr_14
                0x000000000000433e                __isr_11
                0x000000000000433e                __isr_2
                0x000000000000433e                __isr_7
                0x000000000000433e                __isr_0
                0x000000000000433e                __isr_8
                0x000000000000433e                __isr_3
                0x000000000000433e                __isr_12
                0x000000000000433e                __isr_13
                0x000000000000433e                __isr_9
 .text.process_thread_collect_view_shell_process
                0x0000000000004342       0x3e collect-view-shell.co
 .text.process_thread_serial_shell_process
                0x0000000000004380       0x4e contiki-sky.a(serial-shell.o)
 .text.shell_default_output
                0x00000000000043ce       0x66 contiki-sky.a(serial-shell.o)
                0x00000000000043ce                shell_default_output
 .text.shell_prompt
                0x0000000000004434       0x1a contiki-sky.a(serial-shell.o)
                0x0000000000004434                shell_prompt
 .text.shell_exit
                0x000000000000444e        0x2 contiki-sky.a(serial-shell.o)
                0x000000000000444e                shell_exit
 .text.serial_shell_init
                0x0000000000004450        0xc contiki-sky.a(serial-shell.o)
                0x0000000000004450                serial_shell_init
 .text.process_thread_shell_null_process
                0x000000000000445c       0x40 contiki-sky.a(shell.o)
 .text.process_thread_shell_exit_process
                0x000000000000449c       0x1a contiki-sky.a(shell.o)
 .text.shell_input
                0x00000000000044b6       0x5a contiki-sky.a(shell.o)
                0x00000000000044b6                shell_input
 .text.shell_output_str
                0x0000000000004510       0x9a contiki-sky.a(shell.o)
                0x0000000000004510                shell_output_str
 .text.command_kill
                0x00000000000045aa       0x24 contiki-sky.a(shell.o)
 .text.killall  0x00000000000045ce       0x30 contiki-sky.a(shell.o)
 .text.process_thread_shell_killall_process
                0x00000000000045fe       0x1a contiki-sky.a(shell.o)
 .text.process_thread_shell_kill_process
                0x0000000000004618       0x88 contiki-sky.a(shell.o)
 .text.process_thread_help_command_process
                0x00000000000046a0       0x4c contiki-sky.a(shell.o)
 .text.start_command
                0x00000000000046ec      0x190 contiki-sky.a(shell.o)
 .text.shell_start_command
                0x000000000000487c       0x4c contiki-sky.a(shell.o)
                0x000000000000487c                shell_start_command
 .text.process_thread_shell_process
                0x00000000000048c8       0xb4 contiki-sky.a(shell.o)
 .text.shell_output
                0x000000000000497c       0x68 contiki-sky.a(shell.o)
                0x000000000000497c                shell_output
 .text.shell_register_command
                0x00000000000049e4       0x62 contiki-sky.a(shell.o)
                0x00000000000049e4                shell_register_command
 .text.shell_init
                0x0000000000004a46       0x68 contiki-sky.a(shell.o)
                0x0000000000004a46                shell_init
 .text.shell_strtolong
                0x0000000000004aae       0x9c contiki-sky.a(shell.o)
                0x0000000000004aae                shell_strtolong
 .text.shell_time
                0x0000000000004b4a        0xe contiki-sky.a(shell.o)
                0x0000000000004b4a                shell_time
 .text.shell_set_time
                0x0000000000004b58       0x22 contiki-sky.a(shell.o)
                0x0000000000004b58                shell_set_time
 .text.process_thread_shell_server_process
                0x0000000000004b7a       0xc0 contiki-sky.a(shell.o)
 .text.process_thread_shell_reboot_process
                0x0000000000004c3a       0xde contiki-sky.a(shell-reboot.o)
 .text.shell_reboot_init
                0x0000000000004d18        0xa contiki-sky.a(shell-reboot.o)
                0x0000000000004d18                shell_reboot_init
 .text.process_thread_shell_packetize_process
                0x0000000000004d22       0xe4 contiki-sky.a(shell-rime.o)
 .text.process_thread_shell_routes_process
                0x0000000000004e06       0x90 contiki-sky.a(shell-rime.o)
 .text.process_thread_shell_collect_process
                0x0000000000004e96       0x48 contiki-sky.a(shell-rime.o)
 .text.process_thread_shell_mac_process
                0x0000000000004ede       0x6e contiki-sky.a(shell-rime.o)
 .text.process_thread_shell_send_process
                0x0000000000004f4c       0xcc contiki-sky.a(shell-rime.o)
 .text.recv_collect
                0x0000000000005018       0xb4 contiki-sky.a(shell-rime.o)
 .text.shell_rime_init
                0x00000000000050cc       0x4a contiki-sky.a(shell-rime.o)
                0x00000000000050cc                shell_rime_init
 .text.process_thread_shell_blink_process
                0x0000000000005116      0x168 contiki-sky.a(shell-blink.o)
 .text.shell_blink_init
                0x000000000000527e        0xa contiki-sky.a(shell-blink.o)
                0x000000000000527e                shell_blink_init
 .text.process_thread_shell_hd_process
                0x0000000000005288      0x16e contiki-sky.a(shell-text.o)
 .text.process_thread_shell_binprint_process
                0x00000000000053f6      0x194 contiki-sky.a(shell-text.o)
 .text.process_thread_shell_echo_process
                0x000000000000558a       0x3c contiki-sky.a(shell-text.o)
 .text.process_thread_shell_size_process
                0x00000000000055c6       0xaa contiki-sky.a(shell-text.o)
 .text.shell_text_init
                0x0000000000005670       0x22 contiki-sky.a(shell-text.o)
                0x0000000000005670                shell_text_init
 .text.repeat_print_usage
                0x0000000000005692       0x12 contiki-sky.a(shell-time.o)
 .text.process_thread_shell_randwait_process
                0x00000000000056a4      0x122 contiki-sky.a(shell-time.o)
 .text.process_thread_shell_repeat_server_process
                0x00000000000057c6       0x9c contiki-sky.a(shell-time.o)
 .text.process_thread_shell_repeat_process
                0x0000000000005862      0x14a contiki-sky.a(shell-time.o)
 .text.process_thread_shell_timestamp_process
                0x00000000000059ac       0xb4 contiki-sky.a(shell-time.o)
 .text.process_thread_shell_time_process
                0x0000000000005a60       0x7e contiki-sky.a(shell-time.o)
 .text.shell_time_init
                0x0000000000005ade       0x22 contiki-sky.a(shell-time.o)
                0x0000000000005ade                shell_time_init
 .text.process_thread_shell_netcmd_server_process
                0x0000000000005b00       0x82 contiki-sky.a(shell-rime-netc)
 .text.process_thread_shell_netcmd_process
                0x0000000000005b82       0xc4 contiki-sky.a(shell-rime-netc)
 .text.recv_trickle
                0x0000000000005c46       0x4e contiki-sky.a(shell-rime-netc)
 .text.shell_rime_netcmd_init
                0x0000000000005c94       0x22 contiki-sky.a(shell-rime-netc)
                0x0000000000005c94                shell_rime_netcmd_init
 .text.process_thread_shell_powertrace_process
                0x0000000000005cb6       0x94 contiki-sky.a(shell-powertrac)
 .text.shell_powertrace_init
                0x0000000000005d4a       0x10 contiki-sky.a(shell-powertrac)
                0x0000000000005d4a                shell_powertrace_init
 .text.process_thread_collect_view_data_process
                0x0000000000005d5a       0x8e contiki-sky.a(shell-collect-v)
 .text.shell_collect_view_init
                0x0000000000005de8        0xa contiki-sky.a(shell-collect-v)
                0x0000000000005de8                shell_collect_view_init
 .text.process_thread_shell_rfchannel_process
                0x0000000000005df2       0x5e contiki-sky.a(shell-sky.o)
 .text.process_thread_shell_txpower_process
                0x0000000000005e50       0x5e contiki-sky.a(shell-sky.o)
 .text.process_thread_shell_senseconv_process
                0x0000000000005eae      0x21e contiki-sky.a(shell-sky.o)
 .text.do_rssi  0x00000000000060cc       0xaa contiki-sky.a(shell-sky.o)
 .text.process_thread_shell_sense_process
                0x0000000000006176       0xd6 contiki-sky.a(shell-sky.o)
 .text.process_thread_shell_nodeid_process
                0x000000000000624c       0x8a contiki-sky.a(shell-sky.o)
 .text.shell_sky_init
                0x00000000000062d6       0x2a contiki-sky.a(shell-sky.o)
                0x00000000000062d6                shell_sky_init
 .text.init_platform
                0x0000000000006300        0xc contiki-sky.a(contiki-sky-pla)
                0x0000000000006300                init_platform
 .text.status   0x000000000000630c       0x18 contiki-sky.a(sht11-sensor.o)
 .text.configure
                0x0000000000006324       0x40 contiki-sky.a(sht11-sensor.o)
 .text.value    0x0000000000006364       0x2e contiki-sky.a(sht11-sensor.o)
 .text.value    0x0000000000006392       0x1a contiki-sky.a(light-sensor.o)
 .text.status   0x00000000000063ac        0xc contiki-sky.a(light-sensor.o)
 .text.configure
                0x00000000000063b8       0x10 contiki-sky.a(light-sensor.o)
 .text.value    0x00000000000063c8        0x6 contiki-sky.a(battery-sensor.)
 .text.status   0x00000000000063ce        0xc contiki-sky.a(battery-sensor.)
 .text.configure
                0x00000000000063da       0x12 contiki-sky.a(battery-sensor.)
 .text.status   0x00000000000063ec       0x16 contiki-sky.a(button-sensor.o)
 .text.configure
                0x0000000000006402       0x52 contiki-sky.a(button-sensor.o)
 .text.value    0x0000000000006454       0x22 contiki-sky.a(button-sensor.o)
 .text.irq_p2   0x0000000000006476       0x8a contiki-sky.a(button-sensor.o)
                0x0000000000006476                irq_p2
                0x0000000000006476                __isr_1
 .text.owreadb  0x0000000000006500       0x52 contiki-sky.a(ds2411.o)
 .text.ds2411_init
                0x0000000000006552      0x122 contiki-sky.a(ds2411.o)
                0x0000000000006552                ds2411_init
 .text.write_enable
                0x0000000000006674       0x2a contiki-sky.a(xmem.o)
 .text.wait_ready
                0x000000000000669e       0x50 contiki-sky.a(xmem.o)
 .text.xmem_init
                0x00000000000066ee       0x3e contiki-sky.a(xmem.o)
                0x00000000000066ee                xmem_init
 .text.xmem_pread
                0x000000000000672c       0xea contiki-sky.a(xmem.o)
                0x000000000000672c                xmem_pread
 .text.xmem_pwrite
                0x0000000000006816      0x150 contiki-sky.a(xmem.o)
                0x0000000000006816                xmem_pwrite
 .text.xmem_erase
                0x0000000000006966       0xae contiki-sky.a(xmem.o)
                0x0000000000006966                xmem_erase
 .text.node_id_restore
                0x0000000000006a14       0x38 contiki-sky.a(node-id.o)
                0x0000000000006a14                node_id_restore
 .text.node_id_burn
                0x0000000000006a4c       0x36 contiki-sky.a(node-id.o)
                0x0000000000006a4c                node_id_burn
 .text.process_thread_sensors_process
                0x0000000000006a82       0xbe contiki-sky.a(sensors.o)
 .text.sensors_changed
                0x0000000000006b40       0x2a contiki-sky.a(sensors.o)
                0x0000000000006b40                sensors_changed
 .text.get_object
                0x0000000000006b6a        0x4 contiki-sky.a(cc2420.o)
 .text.set_object
                0x0000000000006b6e        0x4 contiki-sky.a(cc2420.o)
 .text.strobe   0x0000000000006b72       0x20 contiki-sky.a(cc2420.o)
 .text.status   0x0000000000006b92       0x26 contiki-sky.a(cc2420.o)
 .text.getreg   0x0000000000006bb8       0x54 contiki-sky.a(cc2420.o)
 .text.setreg   0x0000000000006c0c       0x52 contiki-sky.a(cc2420.o)
 .text.write_ram
                0x0000000000006c5e       0x58 contiki-sky.a(cc2420.o)
 .text.set_txpower
                0x0000000000006cb6       0x26 contiki-sky.a(cc2420.o)
 .text.cc2420_receiving_packet
                0x0000000000006cdc        0xe contiki-sky.a(cc2420.o)
 .text.pending_packet
                0x0000000000006cea        0x8 contiki-sky.a(cc2420.o)
 .text.wait_for_status
                0x0000000000006cf2       0x2a contiki-sky.a(cc2420.o)
 .text.on       0x0000000000006d1c       0x26 contiki-sky.a(cc2420.o)
 .text.getrxbyte
                0x0000000000006d42       0x40 contiki-sky.a(cc2420.o)
 .text.flushrx  0x0000000000006d82       0x18 contiki-sky.a(cc2420.o)
 .text.getrxdata
                0x0000000000006d9a       0x56 contiki-sky.a(cc2420.o)
 .text.wait_for_not_status.constprop.6
                0x0000000000006df0       0x22 contiki-sky.a(cc2420.o)
 .text.off      0x0000000000006e12       0x5a contiki-sky.a(cc2420.o)
 .text.RELEASE_LOCK
                0x0000000000006e6c       0x28 contiki-sky.a(cc2420.o)
 .text.cc2420_prepare
                0x0000000000006e94       0x8a contiki-sky.a(cc2420.o)
 .text.cc2420_on
                0x0000000000006f1e       0x22 contiki-sky.a(cc2420.o)
                0x0000000000006f1e                cc2420_on
 .text.cc2420_read
                0x0000000000006f40       0xb6 contiki-sky.a(cc2420.o)
 .text.process_thread_cc2420_process
                0x0000000000006ff6       0x50 contiki-sky.a(cc2420.o)
 .text.cc2420_off
                0x0000000000007046       0x30 contiki-sky.a(cc2420.o)
                0x0000000000007046                cc2420_off
 .text.cc2420_cca
                0x0000000000007076       0x5e contiki-sky.a(cc2420.o)
 .text.cc2420_get_channel
                0x00000000000070d4        0x6 contiki-sky.a(cc2420.o)
                0x00000000000070d4                cc2420_get_channel
 .text.cc2420_set_channel
                0x00000000000070da       0x44 contiki-sky.a(cc2420.o)
                0x00000000000070da                cc2420_set_channel
 .text.cc2420_set_pan_addr
                0x000000000000711e       0x82 contiki-sky.a(cc2420.o)
                0x000000000000711e                cc2420_set_pan_addr
 .text.cc2420_interrupt
                0x00000000000071a0       0x1c contiki-sky.a(cc2420.o)
                0x00000000000071a0                cc2420_interrupt
 .text.cc2420_set_txpower
                0x00000000000071bc        0xe contiki-sky.a(cc2420.o)
                0x00000000000071bc                cc2420_set_txpower
 .text.set_value
                0x00000000000071ca       0x78 contiki-sky.a(cc2420.o)
 .text.cc2420_get_txpower
                0x0000000000007242       0x1e contiki-sky.a(cc2420.o)
                0x0000000000007242                cc2420_get_txpower
 .text.cc2420_transmit
                0x0000000000007260      0x128 contiki-sky.a(cc2420.o)
 .text.cc2420_send
                0x0000000000007388       0x12 contiki-sky.a(cc2420.o)
 .text.cc2420_rssi
                0x000000000000739a       0x48 contiki-sky.a(cc2420.o)
                0x000000000000739a                cc2420_rssi
 .text.get_value
                0x00000000000073e2       0x8e contiki-sky.a(cc2420.o)
 .text.cc2420_set_cca_threshold
                0x0000000000007470       0x16 contiki-sky.a(cc2420.o)
                0x0000000000007470                cc2420_set_cca_threshold
 .text.cc2420_init
                0x0000000000007486       0xd8 contiki-sky.a(cc2420.o)
                0x0000000000007486                cc2420_init
 .text.cc2420_port1_interrupt
                0x000000000000755e       0x62 contiki-sky.a(cc2420-arch.o)
                0x000000000000755e                __isr_4
                0x000000000000755e                cc2420_port1_interrupt
 .text.cc2420_arch_init
                0x00000000000075c0       0x1a contiki-sky.a(cc2420-arch.o)
                0x00000000000075c0                cc2420_arch_init
 .text.sky_sensors_status
                0x00000000000075da       0x42 contiki-sky.a(sky-sensors.o)
                0x00000000000075da                sky_sensors_status
 .text.sky_sensors_configure
                0x000000000000761c       0xfc contiki-sky.a(sky-sensors.o)
                0x000000000000761c                sky_sensors_configure
 .text.handle_rxdma_timer
                0x0000000000007718       0x3a contiki-sky.a(uart1.o)
 .text.uart1_active
                0x0000000000007752       0x1a contiki-sky.a(uart1.o)
                0x0000000000007752                uart1_active
 .text.uart1_set_input
                0x000000000000776c       0x20 contiki-sky.a(uart1.o)
                0x000000000000776c                uart1_set_input
 .text.uart1_writeb
                0x000000000000778c       0x1a contiki-sky.a(uart1.o)
                0x000000000000778c                uart1_writeb
 .text.uart1_init
                0x00000000000077a6       0xf6 contiki-sky.a(uart1.o)
                0x00000000000077a6                uart1_init
 .text.putchar  0x000000000000789c       0x10 contiki-sky.a(uart1-putchar.o)
                0x000000000000789c                putchar
 .text.crc16_add
                0x00000000000078ac       0x56 contiki-sky.a(crc16.o)
                0x00000000000078ac                crc16_add
 .text.crc16_data
                0x0000000000007902       0x2a contiki-sky.a(crc16.o)
                0x0000000000007902                crc16_data
 .text.msp430_init_dco
                0x000000000000792c       0x84 contiki-sky.a(msp430.o)
                0x000000000000792c                msp430_init_dco
 .text.msp430_add_lpm_req
                0x00000000000079b0        0xc contiki-sky.a(msp430.o)
                0x00000000000079b0                msp430_add_lpm_req
 .text.msp430_cpu_init
                0x00000000000079bc       0x2a contiki-sky.a(msp430.o)
                0x00000000000079bc                msp430_cpu_init
 .text.splhigh_
                0x00000000000079e6        0x8 contiki-sky.a(msp430.o)
                0x00000000000079e6                splhigh_
 .text.msp430_sync_dco
                0x00000000000079ee       0x68 contiki-sky.a(msp430.o)
                0x00000000000079ee                msp430_sync_dco
 .text.timera1  0x0000000000007a56       0xfe contiki-sky.a(clock.o)
                0x0000000000007a56                __isr_5
                0x0000000000007a56                timera1
 .text.clock_time
                0x0000000000007b54       0x1a contiki-sky.a(clock.o)
                0x0000000000007b54                clock_time
 .text.clock_init
                0x0000000000007b6e       0x28 contiki-sky.a(clock.o)
                0x0000000000007b6e                clock_init
 .text.clock_delay
                0x0000000000007b96        0xc contiki-sky.a(clock.o)
                0x0000000000007b96                clock_delay
 .text.clock_wait
                0x0000000000007ba2       0x34 contiki-sky.a(clock.o)
                0x0000000000007ba2                clock_wait
 .text.clock_seconds
                0x0000000000007bd6       0x1a contiki-sky.a(clock.o)
                0x0000000000007bd6                clock_seconds
 .text.show_leds
                0x0000000000007bf0       0xf6 contiki-sky.a(leds.o)
 .text.leds_init
                0x0000000000007ce6        0xa contiki-sky.a(leds.o)
                0x0000000000007ce6                leds_init
 .text.leds_on  0x0000000000007cf0        0xa contiki-sky.a(leds.o)
                0x0000000000007cf0                leds_on
 .text.leds_off
                0x0000000000007cfa        0xe contiki-sky.a(leds.o)
                0x0000000000007cfa                leds_off
 .text.leds_toggle
                0x0000000000007d08        0xa contiki-sky.a(leds.o)
                0x0000000000007d08                leds_toggle
 .text.leds_arch_init
                0x0000000000007d12        0xe contiki-sky.a(leds-arch.o)
                0x0000000000007d12                leds_arch_init
 .text.leds_arch_set
                0x0000000000007d20       0x3a contiki-sky.a(leds-arch.o)
                0x0000000000007d20                leds_arch_set
 .text.watchdog_interrupt
                0x0000000000007d5a        0x6 contiki-sky.a(watchdog.o)
                0x0000000000007d5a                __isr_10
                0x0000000000007d5a                watchdog_interrupt
 .text.watchdog_start
                0x0000000000007d60       0x14 contiki-sky.a(watchdog.o)
                0x0000000000007d60                watchdog_start
 .text.watchdog_periodic
                0x0000000000007d74       0x12 contiki-sky.a(watchdog.o)
                0x0000000000007d74                watchdog_periodic
 .text.watchdog_stop
                0x0000000000007d86       0x16 contiki-sky.a(watchdog.o)
                0x0000000000007d86                watchdog_stop
 .text.watchdog_init
                0x0000000000007d9c       0x14 contiki-sky.a(watchdog.o)
                0x0000000000007d9c                watchdog_init
 .text.watchdog_reboot
                0x0000000000007db0        0x6 contiki-sky.a(watchdog.o)
                0x0000000000007db0                watchdog_reboot
 .text.rtimer_arch_init
                0x0000000000007db6        0xe contiki-sky.a(rtimer-arch.o)
                0x0000000000007db6                rtimer_arch_init
 .text.rtimer_arch_now
                0x0000000000007dc4        0xe contiki-sky.a(rtimer-arch.o)
                0x0000000000007dc4                rtimer_arch_now
 .text.timera0  0x0000000000007dd2       0x70 contiki-sky.a(rtimer-arch.o)
                0x0000000000007dd2                __isr_6
                0x0000000000007dd2                timera0
 .text.rtimer_arch_schedule
                0x0000000000007e42        0x6 contiki-sky.a(rtimer-arch.o)
                0x0000000000007e42                rtimer_arch_schedule
 .text.autostart_start
                0x0000000000007e48       0x16 contiki-sky.a(autostart.o)
                0x0000000000007e48                autostart_start
 .text.process_thread_ctimer_process
                0x0000000000007e5e       0xa4 contiki-sky.a(ctimer.o)
 .text.ctimer_init
                0x0000000000007f02       0x18 contiki-sky.a(ctimer.o)
                0x0000000000007f02                ctimer_init
 .text.ctimer_set
                0x0000000000007f1a       0x5a contiki-sky.a(ctimer.o)
                0x0000000000007f1a                ctimer_set
 .text.ctimer_reset
                0x0000000000007f74       0x3a contiki-sky.a(ctimer.o)
                0x0000000000007f74                ctimer_reset
 .text.ctimer_stop
                0x0000000000007fae       0x28 contiki-sky.a(ctimer.o)
                0x0000000000007fae                ctimer_stop
 .text.energest_init
                0x0000000000007fd6       0x28 contiki-sky.a(energest.o)
                0x0000000000007fd6                energest_init
 .text.energest_type_time
                0x0000000000007ffe       0x46 contiki-sky.a(energest.o)
                0x0000000000007ffe                energest_type_time
 .text.energest_type_set
                0x0000000000008044        0xe contiki-sky.a(energest.o)
                0x0000000000008044                energest_type_set
 .text.energest_flush
                0x0000000000008052       0x48 contiki-sky.a(energest.o)
                0x0000000000008052                energest_flush
 .text.update_time
                0x000000000000809a       0x78 contiki-sky.a(etimer.o)
 .text.etimer_request_poll
                0x0000000000008112        0xa contiki-sky.a(etimer.o)
                0x0000000000008112                etimer_request_poll
 .text.process_thread_etimer_process
                0x000000000000811c       0xc8 contiki-sky.a(etimer.o)
 .text.add_timer
                0x00000000000081e4       0x40 contiki-sky.a(etimer.o)
 .text.etimer_set
                0x0000000000008224       0x12 contiki-sky.a(etimer.o)
                0x0000000000008224                etimer_set
 .text.etimer_reset
                0x0000000000008236       0x12 contiki-sky.a(etimer.o)
                0x0000000000008236                etimer_reset
 .text.etimer_expired
                0x0000000000008248        0xe contiki-sky.a(etimer.o)
                0x0000000000008248                etimer_expired
 .text.etimer_pending
                0x0000000000008256        0xc contiki-sky.a(etimer.o)
                0x0000000000008256                etimer_pending
 .text.etimer_next_expiration_time
                0x0000000000008262       0x16 contiki-sky.a(etimer.o)
                0x0000000000008262                etimer_next_expiration_time
 .text.etimer_stop
                0x0000000000008278       0x3c contiki-sky.a(etimer.o)
                0x0000000000008278                etimer_stop
 .text.call_process
                0x00000000000082b4       0x4a contiki-sky.a(process.o)
 .text.exit_process
                0x00000000000082fe       0x96 contiki-sky.a(process.o)
 .text.do_poll  0x0000000000008394       0x30 contiki-sky.a(process.o)
 .text.process_alloc_event
                0x00000000000083c4        0xe contiki-sky.a(process.o)
                0x00000000000083c4                process_alloc_event
 .text.process_exit
                0x00000000000083d2        0xa contiki-sky.a(process.o)
                0x00000000000083d2                process_exit
 .text.process_init
                0x00000000000083dc       0x1c contiki-sky.a(process.o)
                0x00000000000083dc                process_init
 .text.process_run
                0x00000000000083f8       0xa2 contiki-sky.a(process.o)
                0x00000000000083f8                process_run
 .text.process_nevents
                0x000000000000849a        0xe contiki-sky.a(process.o)
                0x000000000000849a                process_nevents
 .text.process_post
                0x00000000000084a8       0x54 contiki-sky.a(process.o)
                0x00000000000084a8                process_post
 .text.process_post_synch
                0x00000000000084fc       0x12 contiki-sky.a(process.o)
                0x00000000000084fc                process_post_synch
 .text.process_start
                0x000000000000850e       0x32 contiki-sky.a(process.o)
                0x000000000000850e                process_start
 .text.process_poll
                0x0000000000008540       0x18 contiki-sky.a(process.o)
                0x0000000000008540                process_poll
 .text.process_is_running
                0x0000000000008558        0xe contiki-sky.a(process.o)
                0x0000000000008558                process_is_running
 .text.rtimer_init
                0x0000000000008566        0x6 contiki-sky.a(rtimer.o)
                0x0000000000008566                rtimer_init
 .text.rtimer_set
                0x000000000000856c       0x24 contiki-sky.a(rtimer.o)
                0x000000000000856c                rtimer_set
 .text.rtimer_run_next
                0x0000000000008590       0x26 contiki-sky.a(rtimer.o)
                0x0000000000008590                rtimer_run_next
 .text.timer_set
                0x00000000000085b6       0x1c contiki-sky.a(timer.o)
                0x00000000000085b6                timer_set
 .text.timer_reset
                0x00000000000085d2        0xe contiki-sky.a(timer.o)
                0x00000000000085d2                timer_reset
 .text.timer_expired
                0x00000000000085e0       0x2a contiki-sky.a(timer.o)
                0x00000000000085e0                timer_expired
 .text.process_thread_serial_line_process
                0x000000000000860a       0x9c contiki-sky.a(serial-line.o)
 .text.serial_line_input_byte
                0x00000000000086a6       0x4a contiki-sky.a(serial-line.o)
                0x00000000000086a6                serial_line_input_byte
 .text.serial_line_init
                0x00000000000086f0       0x1c contiki-sky.a(serial-line.o)
                0x00000000000086f0                serial_line_init
 .text.list_init
                0x000000000000870c        0x6 contiki-sky.a(list.o)
                0x000000000000870c                list_init
 .text.list_head
                0x0000000000008712        0x4 contiki-sky.a(list.o)
                0x0000000000008712                list_head
 .text.list_tail
                0x0000000000008716       0x12 contiki-sky.a(list.o)
                0x0000000000008716                list_tail
 .text.list_remove
                0x0000000000008728       0x34 contiki-sky.a(list.o)
                0x0000000000008728                list_remove
 .text.list_push
                0x000000000000875c       0x1a contiki-sky.a(list.o)
                0x000000000000875c                list_push
 .text.list_add
                0x0000000000008776       0x2a contiki-sky.a(list.o)
                0x0000000000008776                list_add
 .text.list_length
                0x00000000000087a0       0x10 contiki-sky.a(list.o)
                0x00000000000087a0                list_length
 .text.list_insert
                0x00000000000087b0       0x16 contiki-sky.a(list.o)
                0x00000000000087b0                list_insert
 .text.list_item_next
                0x00000000000087c6        0xc contiki-sky.a(list.o)
                0x00000000000087c6                list_item_next
 .text.random_init
                0x00000000000087d2        0x6 contiki-sky.a(random.o)
                0x00000000000087d2                random_init
 .text.random_rand
                0x00000000000087d8        0x6 contiki-sky.a(random.o)
                0x00000000000087d8                random_rand
 .text.ringbuf_init
                0x00000000000087de       0x14 contiki-sky.a(ringbuf.o)
                0x00000000000087de                ringbuf_init
 .text.ringbuf_put
                0x00000000000087f2       0x38 contiki-sky.a(ringbuf.o)
                0x00000000000087f2                ringbuf_put
 .text.ringbuf_get
                0x000000000000882a       0x32 contiki-sky.a(ringbuf.o)
                0x000000000000882a                ringbuf_get
 .text.adv_packet_sent
                0x000000000000885c        0x2 contiki-sky.a(broadcast-annou)
 .text.adv_packet_received
                0x000000000000885e       0x66 contiki-sky.a(broadcast-annou)
 .text.set_timers
                0x00000000000088c4       0x4a contiki-sky.a(broadcast-annou)
 .text.send_timer
                0x000000000000890e       0x36 contiki-sky.a(broadcast-annou)
 .text.new_announcement
                0x0000000000008944       0x18 contiki-sky.a(broadcast-annou)
 .text.send_adv
                0x000000000000895c       0x66 contiki-sky.a(broadcast-annou)
 .text.broadcast_announcement_init
                0x00000000000089c2       0x48 contiki-sky.a(broadcast-annou)
                0x00000000000089c2                broadcast_announcement_init
 .text.broadcast_announcement_beacon_interval
                0x0000000000008a0a        0xa contiki-sky.a(broadcast-annou)
                0x0000000000008a0a                broadcast_announcement_beacon_interval
 .text.sent_by_abc
                0x0000000000008a14       0x10 contiki-sky.a(broadcast.o)
 .text.recv_from_abc
                0x0000000000008a24       0x26 contiki-sky.a(broadcast.o)
 .text.broadcast_open
                0x0000000000008a4a       0x2a contiki-sky.a(broadcast.o)
                0x0000000000008a4a                broadcast_open
 .text.broadcast_send
                0x0000000000008a74       0x1a contiki-sky.a(broadcast.o)
                0x0000000000008a74                broadcast_send
 .text.channel_init
                0x0000000000008a8e        0xa contiki-sky.a(channel.o)
                0x0000000000008a8e                channel_init
 .text.channel_open
                0x0000000000008a98       0x10 contiki-sky.a(channel.o)
                0x0000000000008a98                channel_open
 .text.channel_lookup
                0x0000000000008aa8       0x20 contiki-sky.a(channel.o)
                0x0000000000008aa8                channel_lookup
 .text.channel_set_attributes
                0x0000000000008ac8       0x24 contiki-sky.a(channel.o)
                0x0000000000008ac8                channel_set_attributes
 .text.send_packet
                0x0000000000008aec       0x3a contiki-sky.a(collect.o)
 .text.enqueue_dummy_packet
                0x0000000000008b26       0x88 contiki-sky.a(collect.o)
 .text.send_ack
                0x0000000000008bae       0x7e contiki-sky.a(collect.o)
 .text.send_queued_packet
                0x0000000000008c2c       0xc8 contiki-sky.a(collect.o)
 .text.send_next_packet
                0x0000000000008cf4       0x2c contiki-sky.a(collect.o)
 .text.update_rtmetric
                0x0000000000008d20       0xf8 contiki-sky.a(collect.o)
 .text.received_announcement
                0x0000000000008e18       0x9c contiki-sky.a(collect.o)
 .text.set_keepalive_timer
                0x0000000000008eb4       0x5e contiki-sky.a(collect.o)
 .text.timedout
                0x0000000000008f12       0x38 contiki-sky.a(collect.o)
 .text.retransmit_callback
                0x0000000000008f4a       0xcc contiki-sky.a(collect.o)
 .text.retransmit_not_sent_callback
                0x0000000000009016        0xc contiki-sky.a(collect.o)
 .text.node_packet_sent
                0x0000000000009022       0x58 contiki-sky.a(collect.o)
 .text.send_keepalive
                0x000000000000907a       0x32 contiki-sky.a(collect.o)
 .text.add_packet_to_recent_packets.part.6
                0x00000000000090ac       0x4c contiki-sky.a(collect.o)
 .text.node_packet_received
                0x00000000000090f8      0x2f8 contiki-sky.a(collect.o)
 .text.proactive_probing_callback
                0x00000000000093f0       0xe8 contiki-sky.a(collect.o)
 .text.collect_open
                0x00000000000094d8       0xec contiki-sky.a(collect.o)
                0x00000000000094d8                collect_open
 .text.collect_set_keepalive
                0x00000000000095c4        0xe contiki-sky.a(collect.o)
                0x00000000000095c4                collect_set_keepalive
 .text.collect_set_sink
                0x00000000000095d2       0x68 contiki-sky.a(collect.o)
                0x00000000000095d2                collect_set_sink
 .text.collect_send
                0x000000000000963a       0xe8 contiki-sky.a(collect.o)
                0x000000000000963a                collect_send
 .text.collect_link_estimate_new
                0x0000000000009722       0x12 contiki-sky.a(collect-link-es)
                0x0000000000009722                collect_link_estimate_new
 .text.collect_link_estimate_update_tx
                0x0000000000009734       0x9e contiki-sky.a(collect-link-es)
                0x0000000000009734                collect_link_estimate_update_tx
 .text.collect_link_estimate_update_tx_fail
                0x00000000000097d2        0xc contiki-sky.a(collect-link-es)
                0x00000000000097d2                collect_link_estimate_update_tx_fail
 .text.collect_link_estimate
                0x00000000000097de       0x18 contiki-sky.a(collect-link-es)
                0x00000000000097de                collect_link_estimate
 .text.collect_link_estimate_num_estimates
                0x00000000000097f6        0xe contiki-sky.a(collect-link-es)
                0x00000000000097f6                collect_link_estimate_num_estimates
 .text.periodic
                0x0000000000009804       0x8e contiki-sky.a(collect-neighbo)
 .text.collect_neighbor_init
                0x0000000000009892       0x14 contiki-sky.a(collect-neighbo)
                0x0000000000009892                collect_neighbor_init
 .text.collect_neighbor_list_new
                0x00000000000098a6       0x32 contiki-sky.a(collect-neighbo)
                0x00000000000098a6                collect_neighbor_list_new
 .text.collect_neighbor_list_find
                0x00000000000098d8       0x3a contiki-sky.a(collect-neighbo)
                0x00000000000098d8                collect_neighbor_list_find
 .text.collect_neighbor_list_add
                0x0000000000009912       0xaa contiki-sky.a(collect-neighbo)
                0x0000000000009912                collect_neighbor_list_add
 .text.collect_neighbor_list
                0x00000000000099bc        0xe contiki-sky.a(collect-neighbo)
                0x00000000000099bc                collect_neighbor_list
 .text.collect_neighbor_list_num
                0x00000000000099ca       0x12 contiki-sky.a(collect-neighbo)
                0x00000000000099ca                collect_neighbor_list_num
 .text.collect_neighbor_update_rtmetric
                0x00000000000099dc        0xe contiki-sky.a(collect-neighbo)
                0x00000000000099dc                collect_neighbor_update_rtmetric
 .text.collect_neighbor_tx_fail
                0x00000000000099ea       0x1e contiki-sky.a(collect-neighbo)
                0x00000000000099ea                collect_neighbor_tx_fail
 .text.collect_neighbor_tx
                0x0000000000009a08       0x1e contiki-sky.a(collect-neighbo)
                0x0000000000009a08                collect_neighbor_tx
 .text.collect_neighbor_rtmetric_link_estimate
                0x0000000000009a26       0x1c contiki-sky.a(collect-neighbo)
                0x0000000000009a26                collect_neighbor_rtmetric_link_estimate
 .text.collect_neighbor_list_best
                0x0000000000009a42       0x4a contiki-sky.a(collect-neighbo)
                0x0000000000009a42                collect_neighbor_list_best
 .text.collect_neighbor_rtmetric
                0x0000000000009a8c        0xe contiki-sky.a(collect-neighbo)
                0x0000000000009a8c                collect_neighbor_rtmetric
 .text.collect_neighbor_set_congested
                0x0000000000009a9a       0x14 contiki-sky.a(collect-neighbo)
                0x0000000000009a9a                collect_neighbor_set_congested
 .text.collect_neighbor_is_congested
                0x0000000000009aae       0x18 contiki-sky.a(collect-neighbo)
                0x0000000000009aae                collect_neighbor_is_congested
 .text.collect_neighbor_link_estimate
                0x0000000000009ac6       0x30 contiki-sky.a(collect-neighbo)
                0x0000000000009ac6                collect_neighbor_link_estimate
 .text.input    0x0000000000009af6       0x3a contiki-sky.a(rime.o)
 .text.init     0x0000000000009b30       0x2e contiki-sky.a(rime.o)
 .text.packet_sent
                0x0000000000009b5e       0x44 contiki-sky.a(rime.o)
 .text.rime_sniffer_add
                0x0000000000009ba2        0xc contiki-sky.a(rime.o)
                0x0000000000009ba2                rime_sniffer_add
 .text.rime_sniffer_remove
                0x0000000000009bae        0xc contiki-sky.a(rime.o)
                0x0000000000009bae                rime_sniffer_remove
 .text.rime_output
                0x0000000000009bba       0x24 contiki-sky.a(rime.o)
                0x0000000000009bba                rime_output
 .text.route_num
                0x0000000000009bde       0x1e contiki-sky.a(route.o)
                0x0000000000009bde                route_num
 .text.route_get
                0x0000000000009bfc       0x26 contiki-sky.a(route.o)
                0x0000000000009bfc                route_get
 .text.send     0x0000000000009c22       0x1c contiki-sky.a(trickle.o)
 .text.run_trickle
                0x0000000000009c3e       0xbe contiki-sky.a(trickle.o)
 .text.timer_callback
                0x0000000000009cfc        0x6 contiki-sky.a(trickle.o)
 .text.recv     0x0000000000009d02       0x86 contiki-sky.a(trickle.o)
 .text.trickle_open
                0x0000000000009d88       0x44 contiki-sky.a(trickle.o)
                0x0000000000009d88                trickle_open
 .text.trickle_send
                0x0000000000009dcc       0x3e contiki-sky.a(trickle.o)
                0x0000000000009dcc                trickle_send
 .text.sent_by_broadcast
                0x0000000000009e0a       0x10 contiki-sky.a(unicast.o)
 .text.recv_from_broadcast
                0x0000000000009e1a       0x2e contiki-sky.a(unicast.o)
 .text.unicast_open
                0x0000000000009e48       0x2a contiki-sky.a(unicast.o)
                0x0000000000009e48                unicast_open
 .text.unicast_send
                0x0000000000009e72       0x16 contiki-sky.a(unicast.o)
                0x0000000000009e72                unicast_send
 .text.input_packet
                0x0000000000009e88        0x6 contiki-sky.a(csma.o)
 .text.on       0x0000000000009e8e        0x6 contiki-sky.a(csma.o)
 .text.off      0x0000000000009e94        0x6 contiki-sky.a(csma.o)
 .text.channel_check_interval
                0x0000000000009e9a       0x10 contiki-sky.a(csma.o)
 .text.transmit_packet_list
                0x0000000000009eaa       0x24 contiki-sky.a(csma.o)
 .text.send_packet
                0x0000000000009ece      0x174 contiki-sky.a(csma.o)
 .text.init     0x000000000000a042       0x1a contiki-sky.a(csma.o)
 .text.free_packet
                0x000000000000a05c       0x98 contiki-sky.a(csma.o)
 .text.packet_sent
                0x000000000000a0f4      0x12e contiki-sky.a(csma.o)
 .text.mac_call_sent_callback
                0x000000000000a222       0x14 contiki-sky.a(mac.o)
                0x000000000000a222                mac_call_sent_callback
 .text.linkaddr_copy
                0x000000000000a236        0xc contiki-sky.a(linkaddr.o)
                0x000000000000a236                linkaddr_copy
 .text.linkaddr_cmp
                0x000000000000a242       0x12 contiki-sky.a(linkaddr.o)
                0x000000000000a242                linkaddr_cmp
 .text.linkaddr_set_node_addr
                0x000000000000a254        0xc contiki-sky.a(linkaddr.o)
                0x000000000000a254                linkaddr_set_node_addr
 .text.packetbuf_copyto_hdr
                0x000000000000a260       0x1c contiki-sky.a(packetbuf.o)
                0x000000000000a260                packetbuf_copyto_hdr
 .text.packetbuf_copyto
                0x000000000000a27c       0x52 contiki-sky.a(packetbuf.o)
                0x000000000000a27c                packetbuf_copyto
 .text.packetbuf_hdr_remove
                0x000000000000a2ce        0x6 contiki-sky.a(packetbuf.o)
                0x000000000000a2ce                packetbuf_hdr_remove
 .text.packetbuf_hdrreduce
                0x000000000000a2d4       0x1a contiki-sky.a(packetbuf.o)
                0x000000000000a2d4                packetbuf_hdrreduce
 .text.packetbuf_set_datalen
                0x000000000000a2ee        0x6 contiki-sky.a(packetbuf.o)
                0x000000000000a2ee                packetbuf_set_datalen
 .text.packetbuf_dataptr
                0x000000000000a2f4        0xe contiki-sky.a(packetbuf.o)
                0x000000000000a2f4                packetbuf_dataptr
 .text.packetbuf_hdrptr
                0x000000000000a302        0xa contiki-sky.a(packetbuf.o)
                0x000000000000a302                packetbuf_hdrptr
 .text.packetbuf_is_reference
                0x000000000000a30c        0xe contiki-sky.a(packetbuf.o)
                0x000000000000a30c                packetbuf_is_reference
 .text.packetbuf_compact
                0x000000000000a31a       0x48 contiki-sky.a(packetbuf.o)
                0x000000000000a31a                packetbuf_compact
 .text.packetbuf_reference_ptr
                0x000000000000a362        0x6 contiki-sky.a(packetbuf.o)
                0x000000000000a362                packetbuf_reference_ptr
 .text.packetbuf_datalen
                0x000000000000a368        0x6 contiki-sky.a(packetbuf.o)
                0x000000000000a368                packetbuf_datalen
 .text.packetbuf_totlen
                0x000000000000a36e       0x10 contiki-sky.a(packetbuf.o)
                0x000000000000a36e                packetbuf_totlen
 .text.packetbuf_hdralloc
                0x000000000000a37e       0x2e contiki-sky.a(packetbuf.o)
                0x000000000000a37e                packetbuf_hdralloc
 .text.packetbuf_attr_clear
                0x000000000000a3ac       0x2c contiki-sky.a(packetbuf.o)
                0x000000000000a3ac                packetbuf_attr_clear
 .text.packetbuf_clear
                0x000000000000a3d8       0x1a contiki-sky.a(packetbuf.o)
                0x000000000000a3d8                packetbuf_clear
 .text.packetbuf_copyfrom
                0x000000000000a3f2       0x2e contiki-sky.a(packetbuf.o)
                0x000000000000a3f2                packetbuf_copyfrom
 .text.packetbuf_attr_copyto
                0x000000000000a420       0x20 contiki-sky.a(packetbuf.o)
                0x000000000000a420                packetbuf_attr_copyto
 .text.packetbuf_attr_copyfrom
                0x000000000000a440       0x22 contiki-sky.a(packetbuf.o)
                0x000000000000a440                packetbuf_attr_copyfrom
 .text.remove_queued_packet
                0x000000000000a462       0x36 contiki-sky.a(packetqueue.o)
 .text.packetqueue_enqueue_packetbuf
                0x000000000000a498       0x7a contiki-sky.a(packetqueue.o)
                0x000000000000a498                packetqueue_enqueue_packetbuf
 .text.packetqueue_first
                0x000000000000a512        0xa contiki-sky.a(packetqueue.o)
                0x000000000000a512                packetqueue_first
 .text.packetqueue_dequeue
                0x000000000000a51c       0x40 contiki-sky.a(packetqueue.o)
                0x000000000000a51c                packetqueue_dequeue
 .text.packetqueue_len
                0x000000000000a55c        0xa contiki-sky.a(packetqueue.o)
                0x000000000000a55c                packetqueue_len
 .text.packetqueue_queuebuf
                0x000000000000a566        0xe contiki-sky.a(packetqueue.o)
                0x000000000000a566                packetqueue_queuebuf
 .text.queuebuf_init
                0x000000000000a574       0x1a contiki-sky.a(queuebuf.o)
                0x000000000000a574                queuebuf_init
 .text.queuebuf_new_from_packetbuf
                0x000000000000a58e       0x7e contiki-sky.a(queuebuf.o)
                0x000000000000a58e                queuebuf_new_from_packetbuf
 .text.queuebuf_update_attr_from_packetbuf
                0x000000000000a60c       0x12 contiki-sky.a(queuebuf.o)
                0x000000000000a60c                queuebuf_update_attr_from_packetbuf
 .text.queuebuf_free
                0x000000000000a61e       0x40 contiki-sky.a(queuebuf.o)
                0x000000000000a61e                queuebuf_free
 .text.queuebuf_to_packetbuf
                0x000000000000a65e       0x6e contiki-sky.a(queuebuf.o)
                0x000000000000a65e                queuebuf_to_packetbuf
 .text.queuebuf_dataptr
                0x000000000000a6cc       0x32 contiki-sky.a(queuebuf.o)
                0x000000000000a6cc                queuebuf_dataptr
 .text.queuebuf_attr
                0x000000000000a6fe        0xe contiki-sky.a(queuebuf.o)
                0x000000000000a6fe                queuebuf_attr
 .text.duty_cycle
                0x000000000000a70c        0x6 contiki-sky.a(contikimac.o)
 .text.init     0x000000000000a712       0x2e contiki-sky.a(contikimac.o)
 .text.on       0x000000000000a740       0x1a contiki-sky.a(contikimac.o)
 .text.off      0x000000000000a75a       0x22 contiki-sky.a(contikimac.o)
 .text.recv_burst_off
                0x000000000000a77c        0xa contiki-sky.a(contikimac.o)
 .text.turn_off
                0x000000000000a786       0x20 contiki-sky.a(contikimac.o)
 .text.turn_on  0x000000000000a7a6       0x30 contiki-sky.a(contikimac.o)
 .text.schedule_powercycle_fixed.part.4
                0x000000000000a7d6       0x36 contiki-sky.a(contikimac.o)
 .text.powercycle_turn_radio_off
                0x000000000000a80c       0x30 contiki-sky.a(contikimac.o)
 .text.powercycle
                0x000000000000a83c      0x1da contiki-sky.a(contikimac.o)
 .text.input_packet
                0x000000000000aa16       0xc4 contiki-sky.a(contikimac.o)
 .text.send_packet
                0x000000000000aada      0x2c4 contiki-sky.a(contikimac.o)
 .text.qsend_packet
                0x000000000000ad9e       0x28 contiki-sky.a(contikimac.o)
 .text.qsend_list
                0x000000000000adc6       0x84 contiki-sky.a(contikimac.o)
 .text.sniffprint
                0x000000000000ae4a       0x72 contiki-sky.a(powertrace.o)
 .text.output_printsniffer
                0x000000000000aebc       0x16 contiki-sky.a(powertrace.o)
 .text.add_stats
                0x000000000000aed2       0x54 contiki-sky.a(powertrace.o)
 .text.add_packet_stats
                0x000000000000af26       0x5e contiki-sky.a(powertrace.o)
 .text.output_sniffer
                0x000000000000af84        0x8 contiki-sky.a(powertrace.o)
 .text.input_sniffer
                0x000000000000af8c        0x8 contiki-sky.a(powertrace.o)
 .text.input_printsniffer
                0x000000000000af94       0x70 contiki-sky.a(powertrace.o)
 .text.powertrace_print
                0x000000000000b004      0x820 contiki-sky.a(powertrace.o)
                0x000000000000b004                powertrace_print
 .text.process_thread_powertrace_process
                0x000000000000b824       0x5c contiki-sky.a(powertrace.o)
 .text.powertrace_start
                0x000000000000b880       0x18 contiki-sky.a(powertrace.o)
                0x000000000000b880                powertrace_start
 .text.powertrace_stop
                0x000000000000b898        0xa contiki-sky.a(powertrace.o)
                0x000000000000b898                powertrace_stop
 .text.powertrace_sniff
                0x000000000000b8a2       0x1e contiki-sky.a(powertrace.o)
                0x000000000000b8a2                powertrace_sniff
 .text.collect_view_construct_message
                0x000000000000b8c0      0x154 contiki-sky.a(collect-view.o)
                0x000000000000b8c0                collect_view_construct_message
 .text.collect_view_arch_read_sensors
                0x000000000000ba14       0x9c contiki-sky.a(collect-view-sk)
                0x000000000000ba14                collect_view_arch_read_sensors
 .text.memb_init
                0x000000000000bab0       0x36 contiki-sky.a(memb.o)
                0x000000000000bab0                memb_init
 .text.memb_alloc
                0x000000000000bae6       0x3e contiki-sky.a(memb.o)
                0x000000000000bae6                memb_alloc
 .text.memb_free
                0x000000000000bb24       0x3a contiki-sky.a(memb.o)
                0x000000000000bb24                memb_free
 .text.memb_inmemb
                0x000000000000bb5e       0x2e contiki-sky.a(memb.o)
                0x000000000000bb5e                memb_inmemb
 .text.crc8_add
                0x000000000000bb8c       0x1c contiki-sky.a(sht11.o)
 .text.sstart   0x000000000000bba8       0x3e contiki-sky.a(sht11.o)
 .text.swrite   0x000000000000bbe6       0x52 contiki-sky.a(sht11.o)
 .text.sread    0x000000000000bc38       0x4e contiki-sky.a(sht11.o)
 .text.sreset   0x000000000000bc86       0x2a contiki-sky.a(sht11.o)
 .text.scmd.part.0
                0x000000000000bcb0       0xb0 contiki-sky.a(sht11.o)
 .text.sht11_init
                0x000000000000bd60       0x1a contiki-sky.a(sht11.o)
                0x000000000000bd60                sht11_init
 .text.sht11_off
                0x000000000000bd7a       0x14 contiki-sky.a(sht11.o)
                0x000000000000bd7a                sht11_off
 .text.sht11_temp
                0x000000000000bd8e        0xa contiki-sky.a(sht11.o)
                0x000000000000bd8e                sht11_temp
 .text.sht11_humidity
                0x000000000000bd98        0xa contiki-sky.a(sht11.o)
                0x000000000000bd98                sht11_humidity
 .text.sht11_sreg
                0x000000000000bda2       0x7a contiki-sky.a(sht11.o)
                0x000000000000bda2                sht11_sreg
 .text.spi_init
                0x000000000000be1c       0x32 contiki-sky.a(spi.o)
                0x000000000000be1c                spi_init
 .text.compower_accumulate
                0x000000000000be4e       0x72 contiki-sky.a(compower.o)
                0x000000000000be4e                compower_accumulate
 .text.compower_clear
                0x000000000000bec0       0x12 contiki-sky.a(compower.o)
                0x000000000000bec0                compower_clear
 .text.compower_attrconv
                0x000000000000bed2       0x10 contiki-sky.a(compower.o)
                0x000000000000bed2                compower_attrconv
 .text.abc_open
                0x000000000000bee2       0x26 contiki-sky.a(abc.o)
                0x000000000000bee2                abc_open
 .text.abc_send
                0x000000000000bf08        0x6 contiki-sky.a(abc.o)
                0x000000000000bf08                abc_send
 .text.abc_input
                0x000000000000bf0e        0xe contiki-sky.a(abc.o)
                0x000000000000bf0e                abc_input
 .text.abc_sent
                0x000000000000bf1c       0x10 contiki-sky.a(abc.o)
                0x000000000000bf1c                abc_sent
 .text.announcement_init
                0x000000000000bf2c        0xa contiki-sky.a(announcement.o)
                0x000000000000bf2c                announcement_init
 .text.announcement_register
                0x000000000000bf36       0x3e contiki-sky.a(announcement.o)
                0x000000000000bf36                announcement_register
 .text.announcement_set_value
                0x000000000000bf74       0x28 contiki-sky.a(announcement.o)
                0x000000000000bf74                announcement_set_value
 .text.announcement_bump
                0x000000000000bf9c       0x22 contiki-sky.a(announcement.o)
                0x000000000000bf9c                announcement_bump
 .text.announcement_register_observer_callback
                0x000000000000bfbe        0x6 contiki-sky.a(announcement.o)
                0x000000000000bfbe                announcement_register_observer_callback
 .text.announcement_list
                0x000000000000bfc4        0xa contiki-sky.a(announcement.o)
                0x000000000000bfc4                announcement_list
 .text.announcement_heard
                0x000000000000bfce       0x42 contiki-sky.a(announcement.o)
                0x000000000000bfce                announcement_heard
 .text.chameleon_init
                0x000000000000c010        0x6 contiki-sky.a(chameleon.o)
                0x000000000000c010                chameleon_init
 .text.chameleon_parse
                0x000000000000c016       0x10 contiki-sky.a(chameleon.o)
                0x000000000000c016                chameleon_parse
 .text.chameleon_create
                0x000000000000c026       0x1c contiki-sky.a(chameleon.o)
                0x000000000000c026                chameleon_create
 .text.chameleon_hdrsize
                0x000000000000c042        0x6 contiki-sky.a(chameleon.o)
                0x000000000000c042                chameleon_hdrsize
 .text.parse    0x000000000000c048       0xa4 contiki-sky.a(framer-802154.o)
 .text.create_frame.isra.0
                0x000000000000c0ec      0x118 contiki-sky.a(framer-802154.o)
 .text.create   0x000000000000c204        0x8 contiki-sky.a(framer-802154.o)
 .text.hdr_length
                0x000000000000c20c        0x8 contiki-sky.a(framer-802154.o)
 .text.mac_sequence_is_duplicate
                0x000000000000c214       0x3c contiki-sky.a(mac-sequence.o)
                0x000000000000c214                mac_sequence_is_duplicate
 .text.mac_sequence_register_seqno
                0x000000000000c250       0x64 contiki-sky.a(mac-sequence.o)
                0x000000000000c250                mac_sequence_register_seqno
 .text.send_packet
                0x000000000000c2b4       0x44 contiki-sky.a(phase.o)
 .text.phase_update
                0x000000000000c2f8       0x90 contiki-sky.a(phase.o)
                0x000000000000c2f8                phase_update
 .text.phase_wait
                0x000000000000c388       0xf6 contiki-sky.a(phase.o)
                0x000000000000c388                phase_wait
 .text.phase_init
                0x000000000000c47e       0x14 contiki-sky.a(phase.o)
                0x000000000000c47e                phase_init
 .text.index_from_key
                0x000000000000c492       0x40 contiki-sky.a(nbr-table.o)
 .text.item_from_key
                0x000000000000c4d2       0x34 contiki-sky.a(nbr-table.o)
 .text.nbr_set_bit
                0x000000000000c506       0x8e contiki-sky.a(nbr-table.o)
 .text.index_from_lladdr
                0x000000000000c594       0x42 contiki-sky.a(nbr-table.o)
 .text.nbr_get_bit.constprop.0
                0x000000000000c5d6       0x62 contiki-sky.a(nbr-table.o)
 .text.nbr_table_register
                0x000000000000c638       0x28 contiki-sky.a(nbr-table.o)
                0x000000000000c638                nbr_table_register
 .text.nbr_table_add_lladdr
                0x000000000000c660      0x144 contiki-sky.a(nbr-table.o)
                0x000000000000c660                nbr_table_add_lladdr
 .text.nbr_table_get_from_lladdr
                0x000000000000c7a4       0x48 contiki-sky.a(nbr-table.o)
                0x000000000000c7a4                nbr_table_get_from_lladdr
 .text.nbr_table_remove
                0x000000000000c7ec       0x32 contiki-sky.a(nbr-table.o)
                0x000000000000c7ec                nbr_table_remove
 .text.header_size
                0x000000000000c81e       0x16 contiki-sky.a(chameleon-bitop)
 .text.get_bits_in_byte
                0x000000000000c834       0x3a contiki-sky.a(chameleon-bitop)
                0x000000000000c834                get_bits_in_byte
 .text.get_bits
                0x000000000000c86e       0xa4 contiki-sky.a(chameleon-bitop)
                0x000000000000c86e                get_bits
 .text.unpack_header
                0x000000000000c912       0xd6 contiki-sky.a(chameleon-bitop)
 .text.set_bits_in_byte
                0x000000000000c9e8       0x2c contiki-sky.a(chameleon-bitop)
                0x000000000000c9e8                set_bits_in_byte
 .text.set_bits
                0x000000000000ca14       0xd2 contiki-sky.a(chameleon-bitop)
                0x000000000000ca14                set_bits
 .text.pack_header
                0x000000000000cae6       0xbc contiki-sky.a(chameleon-bitop)
 .text.field_len
                0x000000000000cba2       0x98 contiki-sky.a(frame802154.o)
 .text.frame802154_hdrlen
                0x000000000000cc3a       0x2e contiki-sky.a(frame802154.o)
                0x000000000000cc3a                frame802154_hdrlen
 .text.frame802154_create
                0x000000000000cc68      0x172 contiki-sky.a(frame802154.o)
                0x000000000000cc68                frame802154_create
 .text.frame802154_parse
                0x000000000000cdda      0x1e8 contiki-sky.a(frame802154.o)
                0x000000000000cdda                frame802154_parse
 .text.libgcc   0x000000000000cfc2       0x2c /usr/lib/gcc/msp430/4.6.3/mmpy-16/libgcc.a(_mulsi3.o)
                0x000000000000cfc2                __mulsi3
 .text.libgcc   0x000000000000cfee       0x22 /usr/lib/gcc/msp430/4.6.3/mmpy-16/libgcc.a(_udivmod16.o)
                0x000000000000cfee                __udivhi3
                0x000000000000cfee                __ext_udivmod16
                0x000000000000d008                __umodhi3
 .text.libgcc   0x000000000000d010       0x3a /usr/lib/gcc/msp430/4.6.3/mmpy-16/libgcc.a(_divmod16.o)
                0x000000000000d010                __ext_divmod16
                0x000000000000d010                __divhi3
                0x000000000000d042                __modhi3
 .text.libgcc   0x000000000000d04a       0x40 /usr/lib/gcc/msp430/4.6.3/mmpy-16/libgcc.a(_udivmod32.o)
                0x000000000000d04a                __udivsi3
                0x000000000000d04a                __ext_udivmod32
                0x000000000000d080                __umodsi3
 .text.libgcc   0x000000000000d08a       0x4c /usr/lib/gcc/msp430/4.6.3/mmpy-16/libgcc.a(_divmod32.o)
                0x000000000000d08a                __ext_divmod32
                0x000000000000d08a                __divsi3
                0x000000000000d0cc                __modsi3
 .text          0x000000000000d0d6       0x12 /usr/lib/gcc/msp430/4.6.3/../../../../msp430/lib/mmpy-16/libc.a(strchr.o)
                0x000000000000d0d6                strchr
 .text          0x000000000000d0e8       0x1e /usr/lib/gcc/msp430/4.6.3/../../../../msp430/lib/mmpy-16/libc.a(strcmp.o)
                0x000000000000d0e8                strcmp
 .text          0x000000000000d106       0x28 /usr/lib/gcc/msp430/4.6.3/../../../../msp430/lib/mmpy-16/libc.a(strncmp.o)
                0x000000000000d106                strncmp
 .text          0x000000000000d12e       0x20 /usr/lib/gcc/msp430/4.6.3/../../../../msp430/lib/mmpy-16/libc.a(memcmp.o)
                0x000000000000d12e                memcmp
 .text          0x000000000000d14e       0x14 /usr/lib/gcc/msp430/4.6.3/../../../../msp430/lib/mmpy-16/libc.a(strcpy.o)
                0x000000000000d14e                strcpy
 .text          0x000000000000d162       0x2a /usr/lib/gcc/msp430/4.6.3/../../../../msp430/lib/mmpy-16/libc.a(strncpy.o)
                0x000000000000d162                strncpy
 .text          0x000000000000d18c       0xfa /usr/lib/gcc/msp430/4.6.3/../../../../msp430/lib/mmpy-16/libc.a(memcpy.o)
                0x000000000000d18c                memcpy
 .text          0x000000000000d286       0x6a /usr/lib/gcc/msp430/4.6.3/../../../../msp430/lib/mmpy-16/libc.a(memset.o)
                0x000000000000d286                memset
 .text          0x000000000000d2f0       0x1e /usr/lib/gcc/msp430/4.6.3/../../../../msp430/lib/mmpy-16/libc.a(printf.o)
                0x000000000000d2f0                printf
                0x000000000000d300                vprintf
 .text          0x000000000000d30e       0xbc /usr/lib/gcc/msp430/4.6.3/../../../../msp430/lib/mmpy-16/libc.a(sprintf.o)
                0x000000000000d36c                sprintf
                0x000000000000d388                snprintf
                0x000000000000d3a2                vsprintf
                0x000000000000d3b8                vsnprintf
 .text          0x000000000000d3ca      0x836 /usr/lib/gcc/msp430/4.6.3/../../../../msp430/lib/mmpy-16/libc.a(vuprintf.o)
                0x000000000000d562                vuprintf
 .text          0x000000000000dc00       0x2c /usr/lib/gcc/msp430/4.6.3/../../../../msp430/lib/mmpy-16/libc.a(puts.o)
                0x000000000000dc00                puts
 .text          0x000000000000dc2c       0x54 /usr/lib/gcc/msp430/4.6.3/../../../../msp430/lib/mmpy-16/libc.a(rand.o)
                0x000000000000dc2c                rand_r
                0x000000000000dc50                rand
                0x000000000000dc76                srand
 .text.libgcc   0x000000000000dc80       0xf0 /usr/lib/gcc/msp430/4.6.3/mmpy-16/libgcc.a(_udivmod64.o)
                0x000000000000dc80                __xabi_udivmod64
                0x000000000000dcde                __udivdi3
                0x000000000000dd04                __umoddi3
                0x000000000000dd32                __udivmoddi4
 .text.crt0     0x000000000000dd70        0x2 /usr/lib/gcc/msp430/4.6.3/mmpy-16/libcrt0.a(_unexpected_.o)
                0x000000000000dd70                _unexpected_
                0x000000000000dd72                . = ALIGN (0x2)

.rodata         0x000000000000dd72      0xc8a
                0x000000000000dd72                . = ALIGN (0x2)
 *(.rodata .rodata.* .gnu.linkonce.r.*)
 .rodata        0x000000000000dd72       0x20 collect-view-shell.co
                0x000000000000dd72                autostart_processes
 .rodata        0x000000000000dd92       0xe2 obj_sky/contiki-sky-main.o
 .rodata        0x000000000000de74       0x24 contiki-sky.a(serial-shell.o)
 .rodata        0x000000000000de98      0x19e contiki-sky.a(shell.o)
 .rodata        0x000000000000e036       0x48 contiki-sky.a(shell-reboot.o)
 .rodata        0x000000000000e07e      0x1b4 contiki-sky.a(shell-rime.o)
 .rodata        0x000000000000e232       0x2c contiki-sky.a(shell-blink.o)
 .rodata        0x000000000000e25e       0xbd contiki-sky.a(shell-text.o)
 .rodata        0x000000000000e31b      0x155 contiki-sky.a(shell-time.o)
 .rodata        0x000000000000e470       0xac contiki-sky.a(shell-rime-netc)
 .rodata        0x000000000000e51c       0x89 contiki-sky.a(shell-powertrac)
 .rodata        0x000000000000e5a5       0x54 contiki-sky.a(shell-collect-v)
 .rodata        0x000000000000e5f9      0x15e contiki-sky.a(shell-sky.o)
 *fill*         0x000000000000e757        0x1 00
 .rodata        0x000000000000e758        0xe contiki-sky.a(sht11-sensor.o)
                0x000000000000e75e                sht11_sensor
 .rodata        0x000000000000e766        0xe contiki-sky.a(light-sensor.o)
                0x000000000000e76c                light_sensor
 .rodata        0x000000000000e774       0x10 contiki-sky.a(battery-sensor.)
                0x000000000000e77c                battery_sensor
 .rodata        0x000000000000e784       0x10 contiki-sky.a(button-sensor.o)
                0x000000000000e78c                button_sensor
 .rodata        0x000000000000e794        0x8 contiki-sky.a(sensors.o)
 .rodata        0x000000000000e79c       0x56 contiki-sky.a(cc2420.o)
                0x000000000000e7b8                cc2420_driver
 .rodata        0x000000000000e7f2        0xf contiki-sky.a(ctimer.o)
 .rodata        0x000000000000e801        0xc contiki-sky.a(etimer.o)
 .rodata        0x000000000000e80d        0xe contiki-sky.a(serial-line.o)
 *fill*         0x000000000000e81b        0x1 00
 .rodata        0x000000000000e81c        0x4 contiki-sky.a(broadcast-annou)
 .rodata        0x000000000000e820        0x8 contiki-sky.a(broadcast.o)
 .rodata        0x000000000000e828       0x18 contiki-sky.a(collect.o)
 .rodata        0x000000000000e840        0xc contiki-sky.a(rime.o)
                0x000000000000e846                rime_driver
 .rodata        0x000000000000e84c        0xa contiki-sky.a(trickle.o)
 .rodata        0x000000000000e856        0xa contiki-sky.a(unicast.o)
 .rodata        0x000000000000e860       0x14 contiki-sky.a(csma.o)
                0x000000000000e866                csma_driver
 .rodata        0x000000000000e874        0x2 contiki-sky.a(linkaddr.o)
                0x000000000000e874                linkaddr_null
 .rodata        0x000000000000e876       0x1c contiki-sky.a(contikimac.o)
                0x000000000000e882                contikimac_driver
 .rodata        0x000000000000e892      0x148 contiki-sky.a(powertrace.o)
 .rodata        0x000000000000e9da        0x2 contiki-sky.a(abc.o)
 .rodata        0x000000000000e9dc        0x6 contiki-sky.a(framer-802154.o)
                0x000000000000e9dc                framer_802154
 .rodata        0x000000000000e9e2       0x10 contiki-sky.a(chameleon-bitop)
                0x000000000000e9e2                chameleon_bitopt
 .rodata        0x000000000000e9f2        0x2 contiki-sky.a(frame802154.o)
 .rodata        0x000000000000e9f4        0x7 /usr/lib/gcc/msp430/4.6.3/../../../../msp430/lib/mmpy-16/libc.a(vuprintf.o)
                0x000000000000e9fc                . = ALIGN (0x2)
 *fill*         0x000000000000e9fb        0x1 00
                0x000000000000e9fc                _etext = .

.data           0x0000000000001100      0x354 load address 0x000000000000e9fc
                0x0000000000001100                . = ALIGN (0x2)
                0x0000000000001100                PROVIDE (__data_start, .)
 *(.data .data.* .gnu.linkonce.d.*)
 .data          0x0000000000001100        0xa collect-view-shell.co
                0x0000000000001100                collect_view_shell_process
 .data          0x000000000000110a        0xa contiki-sky.a(serial-shell.o)
                0x000000000000110a                serial_shell_process
 .data          0x0000000000001114       0xac contiki-sky.a(shell.o)
                0x0000000000001114                shell_exit_process
                0x000000000000111e                shell_null_process
                0x0000000000001128                shell_kill_process
                0x0000000000001132                shell_killall_process
                0x000000000000113c                help_command_process
                0x0000000000001146                shell_server_process
                0x0000000000001150                shell_process
 .data          0x00000000000011c0       0x14 contiki-sky.a(shell-reboot.o)
                0x00000000000011c0                shell_reboot_process
 .data          0x00000000000011d4       0x64 contiki-sky.a(shell-rime.o)
                0x00000000000011d4                shell_packetize_process
                0x00000000000011de                shell_routes_process
                0x00000000000011e8                shell_collect_process
                0x00000000000011f2                shell_send_process
                0x00000000000011fc                shell_mac_process
 .data          0x0000000000001238       0x14 contiki-sky.a(shell-blink.o)
                0x0000000000001238                shell_blink_process
 .data          0x000000000000124c       0x50 contiki-sky.a(shell-text.o)
                0x000000000000124c                shell_size_process
                0x0000000000001256                shell_hd_process
                0x0000000000001260                shell_binprint_process
                0x000000000000126a                shell_echo_process
 .data          0x000000000000129c       0x5a contiki-sky.a(shell-time.o)
                0x000000000000129c                shell_randwait_process
                0x00000000000012a6                shell_repeat_server_process
                0x00000000000012b0                shell_repeat_process
                0x00000000000012ba                shell_timestamp_process
                0x00000000000012c4                shell_time_process
 .data          0x00000000000012f6       0x1e contiki-sky.a(shell-rime-netc)
                0x00000000000012f6                shell_netcmd_server_process
                0x0000000000001300                shell_netcmd_process
 .data          0x0000000000001314       0x14 contiki-sky.a(shell-powertrac)
                0x0000000000001314                shell_powertrace_process
 .data          0x0000000000001328       0x14 contiki-sky.a(shell-collect-v)
                0x0000000000001328                collect_view_data_process
 .data          0x000000000000133c       0x64 contiki-sky.a(shell-sky.o)
                0x000000000000133c                shell_rfchannel_process
                0x0000000000001346                shell_txpower_process
                0x0000000000001350                shell_senseconv_process
                0x000000000000135a                shell_sense_process
                0x0000000000001364                shell_nodeid_process
 .data          0x00000000000013a0        0x4 contiki-sky.a(contiki-sky-pla)
                0x00000000000013a0                sensors
 .data          0x00000000000013a4        0x1 contiki-sky.a(sht11-sensor.o)
 *fill*         0x00000000000013a5        0x1 00
 .data          0x00000000000013a6        0xa contiki-sky.a(sensors.o)
                0x00000000000013a6                sensors_process
 .data          0x00000000000013b0        0xa contiki-sky.a(cc2420.o)
                0x00000000000013b0                cc2420_process
 .data          0x00000000000013ba        0x2 contiki-sky.a(msp430.o)
 .data          0x00000000000013bc        0xa contiki-sky.a(ctimer.o)
                0x00000000000013bc                ctimer_process
 .data          0x00000000000013c6        0xa contiki-sky.a(etimer.o)
                0x00000000000013c6                etimer_process
 .data          0x00000000000013d0        0xa contiki-sky.a(serial-line.o)
                0x00000000000013d0                serial_line_process
 .data          0x00000000000013da        0x8 contiki-sky.a(collect.o)
 .data          0x00000000000013e2        0x8 contiki-sky.a(collect-neighbo)
 .data          0x00000000000013ea       0x18 contiki-sky.a(csma.o)
 .data          0x0000000000001402       0x18 contiki-sky.a(queuebuf.o)
 .data          0x000000000000141a       0x1e contiki-sky.a(powertrace.o)
                0x000000000000141a                powertrace_process
 .data          0x0000000000001438       0x10 contiki-sky.a(phase.o)
 .data          0x0000000000001448        0x8 contiki-sky.a(nbr-table.o)
 .data          0x0000000000001450        0x4 /usr/lib/gcc/msp430/4.6.3/../../../../msp430/lib/mmpy-16/libc.a(rand.o)
                0x0000000000001454                . = ALIGN (0x2)
                0x0000000000001454                _edata = .
                0x000000000000e9fc                PROVIDE (__data_load_start, LOADADDR (.data))
                0x0000000000000354                PROVIDE (__data_size, SIZEOF (.data))

.bss            0x0000000000001454     0x1e86 load address 0x000000000000ed50
                0x0000000000001454                PROVIDE (__bss_start, .)
 *(.bss .bss.*)
 .bss           0x0000000000001454        0xc obj_sky/contiki-sky-main.o
 .bss           0x0000000000001460       0x16 contiki-sky.a(shell.o)
 .bss           0x0000000000001476        0xc contiki-sky.a(shell-reboot.o)
 .bss           0x0000000000001482        0xc contiki-sky.a(shell-rime.o)
 .bss           0x000000000000148e       0x12 contiki-sky.a(shell-blink.o)
 .bss           0x00000000000014a0        0x4 contiki-sky.a(shell-text.o)
 .bss           0x00000000000014a4       0xaa contiki-sky.a(shell-time.o)
 .bss           0x000000000000154e       0x58 contiki-sky.a(shell-rime-netc)
 .bss           0x00000000000015a6       0x82 contiki-sky.a(shell-sky.o)
 .bss           0x0000000000001628        0x8 contiki-sky.a(button-sensor.o)
 .bss           0x0000000000001630        0x2 contiki-sky.a(node-id.o)
                0x0000000000001630                node_id
 .bss           0x0000000000001632        0x6 contiki-sky.a(sensors.o)
 .bss           0x0000000000001638        0x8 contiki-sky.a(cc2420.o)
 .bss           0x0000000000001640        0x4 contiki-sky.a(sky-sensors.o)
 .bss           0x0000000000001644       0x9a contiki-sky.a(uart1.o)
 .bss           0x00000000000016de        0xa contiki-sky.a(clock.o)
 .bss           0x00000000000016e8        0x1 contiki-sky.a(leds.o)
 *fill*         0x00000000000016e9        0x1 00
 .bss           0x00000000000016ea        0x2 contiki-sky.a(watchdog.o)
 .bss           0x00000000000016ec        0x4 contiki-sky.a(ctimer.o)
 .bss           0x00000000000016f0        0x6 contiki-sky.a(etimer.o)
 .bss           0x00000000000016f6       0x42 contiki-sky.a(process.o)
                0x00000000000016f6                process_current
                0x00000000000016f8                process_list
 .bss           0x0000000000001738        0x2 contiki-sky.a(rtimer.o)
 .bss           0x000000000000173a      0x10a contiki-sky.a(serial-line.o)
 .bss           0x0000000000001844       0x46 contiki-sky.a(broadcast-annou)
 .bss           0x000000000000188a        0x2 contiki-sky.a(channel.o)
 .bss           0x000000000000188c      0x1be contiki-sky.a(collect.o)
 .bss           0x0000000000001a4a      0x322 contiki-sky.a(collect-neighbo)
 .bss           0x0000000000001d6c        0x2 contiki-sky.a(rime.o)
 .bss           0x0000000000001d6e       0x7e contiki-sky.a(route.o)
 .bss           0x0000000000001dec      0x128 contiki-sky.a(csma.o)
 .bss           0x0000000000001f14       0xba contiki-sky.a(packetbuf.o)
 .bss           0x0000000000001fce      0xc4e contiki-sky.a(queuebuf.o)
 .bss           0x0000000000002c1c       0x34 contiki-sky.a(contikimac.o)
 .bss           0x0000000000002c50      0x2fe contiki-sky.a(powertrace.o)
 .bss           0x0000000000002f4e       0x10 contiki-sky.a(collect-view.o)
 .bss           0x0000000000002f5e        0x8 contiki-sky.a(compower.o)
 .bss           0x0000000000002f66        0x6 contiki-sky.a(announcement.o)
 .bss           0x0000000000002f6c        0x2 contiki-sky.a(framer-802154.o)
 .bss           0x0000000000002f6e       0x40 contiki-sky.a(mac-sequence.o)
 .bss           0x0000000000002fae      0x148 contiki-sky.a(phase.o)
 .bss           0x00000000000030f6       0x4c contiki-sky.a(nbr-table.o)
 .bss           0x0000000000003142        0x4 /usr/lib/gcc/msp430/4.6.3/../../../../msp430/lib/mmpy-16/libc.a(sprintf.o)
 *(COMMON)
 COMMON         0x0000000000003146        0x2 contiki-sky.a(shell.o)
                0x0000000000003146                shell_event_input
 COMMON         0x0000000000003148       0x9e contiki-sky.a(shell-rime.o)
                0x0000000000003148                shell_collect_conn
 COMMON         0x00000000000031e6        0x2 contiki-sky.a(contiki-sky-pla)
                0x00000000000031e6                sensors_flags
 COMMON         0x00000000000031e8        0x8 contiki-sky.a(ds2411.o)
                0x00000000000031e8                ds2411_id
 COMMON         0x00000000000031f0        0x1 contiki-sky.a(sensors.o)
                0x00000000000031f0                sensors_event
 *fill*         0x00000000000031f1        0x1 00
 COMMON         0x00000000000031f2       0x14 contiki-sky.a(cc2420.o)
                0x00000000000031f2                cc2420_last_rssi
                0x00000000000031f4                cc2420_packets_read
                0x00000000000031f6                cc2420_packets_seen
                0x00000000000031f8                cc2420_sfd_start_time
                0x00000000000031fa                cc2420_time_of_departure
                0x00000000000031fc                cc2420_time_of_arrival
                0x00000000000031fe                cc2420_last_correlation
                0x0000000000003200                cc2420_authority_level_of_sender
                0x0000000000003202                cc2420_sfd_counter
                0x0000000000003204                cc2420_sfd_end_time
 COMMON         0x0000000000003206        0x2 contiki-sky.a(msp430.o)
                0x0000000000003206                msp430_dco_required
 COMMON         0x0000000000003208       0x56 contiki-sky.a(energest.o)
                0x0000000000003208                energest_total_time
                0x0000000000003238                energest_total_count
                0x000000000000323a                energest_current_mode
                0x0000000000003246                energest_current_time
 COMMON         0x000000000000325e        0x1 contiki-sky.a(process.o)
                0x000000000000325e                process_maxevents